<6>[    0.000000] Booting Linux on physical CPU 0x0
<5>[    0.000000] Linux version 4.14.0-efitest (oe-user@oe-host) (gcc version 7.2.0 (GCC)) #1 SMP PREEMPT Wed Mar 14 17:02:39 IST 2018
<6>[    0.000000] Boot CPU: AArch64 Processor [410fd083]
<6>[    0.000000] efi: Getting EFI parameters from FDT:
<6>[    0.000000] efi:   System Table: 0x00000000373d0018
<6>[    0.000000] efi:   MemMap Address: 0x00000000339ad018
<6>[    0.000000] efi:   MemMap Size: 0x00000930
<6>[    0.000000] efi:   MemMap Desc. Size: 0x00000030
<6>[    0.000000] efi:   MemMap Desc. Version: 0x00000001
<6>[    0.000000] efi: EFI v2.70 by https://github.com/pftf/RPi4
<6>[    0.000000] efi:  ACPI=0x33aa0000  ACPI 2.0=0x33aa0014  SMBIOS=0x37200000  SMBIOS 3.0=0x371e0000  MEMATTR=0x35533018  RNG=0x373dce18 
<5>[    0.000000] random: fast init done
<5>[    0.000000] efi: seeding entropy pool
<6>[    0.000000] efi: Processing EFI memory map:
<6>[    0.000000] efi:   0x000000000000-0x0000001cffff [Reserved           |   |  |  |  |  |  |  |   |WB|WT|WC|  ]
<6>[    0.000000] efi:   0x0000001d0000-0x0000001effff [Runtime Data       |RUN|  |  |  |  |  |  |   |WB|WT|WC|  ]
<6>[    0.000000] efi:   0x0000001f0000-0x0000001fffff [Reserved           |   |  |  |  |  |  |  |   |WB|WT|WC|  ]
<6>[    0.000000] efi:   0x000000200000-0x0000015dffff [Loader Data        |   |  |  |  |  |  |  |   |WB|WT|WC|  ]
<6>[    0.000000] efi:   0x0000015e0000-0x000030e25fff [Conventional Memory|   |  |  |  |  |  |  |   |WB|WT|WC|  ]
<6>[    0.000000] efi:   0x000030e26000-0x000032180fff [Loader Code        |   |  |  |  |  |  |  |   |WB|WT|WC|  ]
<6>[    0.000000] efi:   0x000032181000-0x00003343ffff [Conventional Memory|   |  |  |  |  |  |  |   |WB|WT|WC|  ]
<6>[    0.000000] efi:   0x000033440000-0x0000334fffff [Runtime Data       |RUN|  |  |  |  |  |  |   |WB|WT|WC|  ]
<6>[    0.000000] efi:   0x000033500000-0x000033509fff [Conventional Memory|   |  |  |  |  |  |  |   |WB|WT|WC|  ]
<6>[    0.000000] efi:   0x00003350a000-0x000033784fff [Loader Code        |   |  |  |  |  |  |  |   |WB|WT|WC|  ]
<6>[    0.000000] efi:   0x000033785000-0x00003388ffff [Reserved           |   |  |  |  |  |  |  |   |WB|WT|WC|  ]
<6>[    0.000000] efi:   0x000033890000-0x0000338dffff [Conventional Memory|   |  |  |  |  |  |  |   |WB|WT|WC|  ]
<6>[    0.000000] efi:   0x0000338e0000-0x0000338effff [ACPI Reclaim Memory|   |  |  |  |  |  |  |   |WB|WT|WC|  ]
<6>[    0.000000] efi:   0x0000338f0000-0x00003393ffff [Runtime Data       |RUN|  |  |  |  |  |  |   |WB|WT|WC|  ]
<6>[    0.000000] efi:   0x000033940000-0x00003398ffff [Runtime Code       |RUN|  |  |  |  |  |  |   |WB|WT|WC|  ]
<6>[    0.000000] efi:   0x000033990000-0x00003399ffff [ACPI Reclaim Memory|   |  |  |  |  |  |  |   |WB|WT|WC|  ]
<6>[    0.000000] efi:   0x0000339a0000-0x0000339acfff [Conventional Memory|   |  |  |  |  |  |  |   |WB|WT|WC|  ]
<6>[    0.000000] efi:   0x0000339ad000-0x0000339affff [Loader Data        |   |  |  |  |  |  |  |   |WB|WT|WC|  ]
<6>[    0.000000] efi:   0x0000339b0000-0x000033a0ffff [ACPI Reclaim Memory|   |  |  |  |  |  |  |   |WB|WT|WC|  ]
<6>[    0.000000] efi:   0x000033a10000-0x000033a8ffff [Runtime Code       |RUN|  |  |  |  |  |  |   |WB|WT|WC|  ]
<6>[    0.000000] efi:   0x000033a90000-0x000033aaffff [ACPI Reclaim Memory|   |  |  |  |  |  |  |   |WB|WT|WC|  ]
<6>[    0.000000] efi:   0x000033ab0000-0x000033b2ffff [Runtime Code       |RUN|  |  |  |  |  |  |   |WB|WT|WC|  ]
<6>[    0.000000] efi:   0x000033b30000-0x000034bd4fff [Conventional Memory|   |  |  |  |  |  |  |   |WB|WT|WC|  ]
<6>[    0.000000] efi:   0x000034bd5000-0x000034bd6fff [Boot Data          |   |  |  |  |  |  |  |   |WB|WT|WC|  ]
<6>[    0.000000] efi:   0x000034bd7000-0x000034bd9fff [Conventional Memory|   |  |  |  |  |  |  |   |WB|WT|WC|  ]
<6>[    0.000000] efi:   0x000034bda000-0x0000354ddfff [Boot Data          |   |  |  |  |  |  |  |   |WB|WT|WC|  ]
<6>[    0.000000] efi:   0x0000354de000-0x0000354e0fff [Conventional Memory|   |  |  |  |  |  |  |   |WB|WT|WC|  ]
<6>[    0.000000] efi:   0x0000354e1000-0x000035509fff [Boot Data          |   |  |  |  |  |  |  |   |WB|WT|WC|  ]
<6>[    0.000000] efi:   0x00003550a000-0x000035511fff [Conventional Memory|   |  |  |  |  |  |  |   |WB|WT|WC|  ]
<6>[    0.000000] efi:   0x000035512000-0x000035531fff [Boot Data          |   |  |  |  |  |  |  |   |WB|WT|WC|  ]
<6>[    0.000000] efi:   0x000035532000-0x000035532fff [Conventional Memory|   |  |  |  |  |  |  |   |WB|WT|WC|  ]
<6>[    0.000000] efi:   0x000035533000-0x000035533fff [Boot Data          |   |  |  |  |  |  |  |   |WB|WT|WC|  ]
<6>[    0.000000] efi:   0x000035534000-0x000035534fff [Conventional Memory|   |  |  |  |  |  |  |   |WB|WT|WC|  ]
<6>[    0.000000] efi:   0x000035535000-0x000036a23fff [Boot Data          |   |  |  |  |  |  |  |   |WB|WT|WC|  ]
<6>[    0.000000] efi:   0x000036a24000-0x000036bbdfff [Conventional Memory|   |  |  |  |  |  |  |   |WB|WT|WC|  ]
<6>[    0.000000] efi:   0x000036bbe000-0x000036ffffff [Boot Code          |   |  |  |  |  |  |  |   |WB|WT|WC|  ]
<6>[    0.000000] efi:   0x000037000000-0x00003718ffff [Runtime Code       |RUN|  |  |  |  |  |  |   |WB|WT|WC|  ]
<6>[    0.000000] efi:   0x000037190000-0x0000373dffff [Runtime Data       |RUN|  |  |  |  |  |  |   |WB|WT|WC|  ]
<6>[    0.000000] efi:   0x0000373e0000-0x0000373fefff [Conventional Memory|   |  |  |  |  |  |  |   |WB|WT|WC|  ]
<6>[    0.000000] efi:   0x0000373ff000-0x0000373fffff [Boot Data          |   |  |  |  |  |  |  |   |WB|WT|WC|  ]
<6>[    0.000000] efi:   0x000037400000-0x00003a42cfff [Conventional Memory|   |  |  |  |  |  |  |   |WB|WT|WC|  ]
<6>[    0.000000] efi:   0x00003a42d000-0x00003a462fff [Boot Code          |   |  |  |  |  |  |  |   |WB|WT|WC|  ]
<6>[    0.000000] efi:   0x00003a463000-0x00003b3fffff [Boot Data          |   |  |  |  |  |  |  |   |WB|WT|WC|  ]
<6>[    0.000000] efi:   0x000040000000-0x00008c7fffff [Conventional Memory|   |  |  |  |  |  |  |   |WB|WT|WC|  ]
<6>[    0.000000] efi:   0x00008c800000-0x00008c9fffff [Loader Data        |   |  |  |  |  |  |  |   |WB|WT|WC|  ]
<6>[    0.000000] efi:   0x00008ca00000-0x00008cbcffff [Conventional Memory|   |  |  |  |  |  |  |   |WB|WT|WC|  ]
<6>[    0.000000] efi:   0x00008cbd0000-0x0000921effff [Loader Data        |   |  |  |  |  |  |  |   |WB|WT|WC|  ]
<6>[    0.000000] efi:   0x0000921f0000-0x0000921fdfff [Conventional Memory|   |  |  |  |  |  |  |   |WB|WT|WC|  ]
<6>[    0.000000] efi:   0x0000921fe000-0x0000bfffffff [Loader Data        |   |  |  |  |  |  |  |   |WB|WT|WC|  ]
<6>[    0.000000] crashkernel reserved: 0x00000000afe00000 - 0x00000000bfe00000 (256 MB)
<6>[    0.000000] cma: Reserved 16 MiB at 0x00000000aec00000
<6>[    0.000000] ACPI: Early table checksum verification disabled
<6>[    0.000000] ACPI: RSDP 0x0000000033AA0014 000024 (v02 RPIFDN)
<6>[    0.000000] ACPI: XSDT 0x0000000033A900E8 00005C (v01 RPIFDN RPI4     00000200      01000013)
<6>[    0.000000] ACPI: FACP 0x00000000339E0000 00010C (v05 RPIFDN RPI4     00000200 EDK2 00000200)
<6>[    0.000000] ACPI: DSDT 0x0000000033990000 0022FC (v05 RPIFDN RPI      00000002 INTL 20180105)
<6>[    0.000000] ACPI: CSRT 0x0000000033A00000 000169 (v00 RPIFDN RPI4     00000200 EDK2 00000200)
<6>[    0.000000] ACPI: DBG2 0x00000000339F0000 00005C (v00 RPIFDN RPI4     00000200 EDK2 00000200)
<6>[    0.000000] ACPI: GTDT 0x00000000339D0000 000060 (v02 RPIFDN RPI4     00000200 EDK2 00000200)
<6>[    0.000000] ACPI: APIC 0x00000000339C0000 000174 (v03 RPIFDN RPI4     00000200 EDK2 00000200)
<6>[    0.000000] ACPI: PPTT 0x00000000339B0000 000184 (v02 RPIFDN RPI4     00000200 EDK2 00000200)
<6>[    0.000000] ACPI: BGRT 0x00000000338E0000 000038 (v01 INTEL  EDK2     00000002      01000013)
<6>[    0.000000] ACPI: NUMA: Failed to initialise from firmware
<6>[    0.000000] NUMA: Faking a node at [mem 0x0000000000000000-0x00000000bfffffff]
<6>[    0.000000] NUMA: NODE_DATA [mem 0xbff6e500-0xbff6ffff]
<6>[    0.000000] Zone ranges:
<6>[    0.000000]   DMA      [mem 0x0000000000000000-0x00000000bfffffff]
<6>[    0.000000]   Normal   empty
<6>[    0.000000] Movable zone start for each node
<6>[    0.000000] Early memory node ranges
<6>[    0.000000]   node   0: [mem 0x0000000000000000-0x00000000001fffff]
<6>[    0.000000]   node   0: [mem 0x0000000000200000-0x000000003343ffff]
<6>[    0.000000]   node   0: [mem 0x0000000033440000-0x00000000334fffff]
<6>[    0.000000]   node   0: [mem 0x0000000033500000-0x0000000033784fff]
<6>[    0.000000]   node   0: [mem 0x0000000033785000-0x000000003388ffff]
<6>[    0.000000]   node   0: [mem 0x0000000033890000-0x00000000338effff]
<6>[    0.000000]   node   0: [mem 0x00000000338f0000-0x000000003398ffff]
<6>[    0.000000]   node   0: [mem 0x0000000033990000-0x0000000033a0ffff]
<6>[    0.000000]   node   0: [mem 0x0000000033a10000-0x0000000033a8ffff]
<6>[    0.000000]   node   0: [mem 0x0000000033a90000-0x0000000033aaffff]
<6>[    0.000000]   node   0: [mem 0x0000000033ab0000-0x0000000033b2ffff]
<6>[    0.000000]   node   0: [mem 0x0000000033b30000-0x0000000036ffffff]
<6>[    0.000000]   node   0: [mem 0x0000000037000000-0x00000000373dffff]
<6>[    0.000000]   node   0: [mem 0x00000000373e0000-0x000000003b3fffff]
<6>[    0.000000]   node   0: [mem 0x0000000040000000-0x00000000bfffffff]
<6>[    0.000000] Initmem setup node 0 [mem 0x0000000000000000-0x00000000bfffffff]
<7>[    0.000000] On node 0 totalpages: 766976
<7>[    0.000000]   DMA zone: 12288 pages used for memmap
<7>[    0.000000]   DMA zone: 0 pages reserved
<7>[    0.000000]   DMA zone: 766976 pages, LIFO batch:31
<6>[    0.000000] psci: probing for conduit method from ACPI.
<6>[    0.000000] psci: PSCIv1.1 detected in firmware.
<6>[    0.000000] psci: Using standard PSCI v0.2 function IDs
<6>[    0.000000] psci: MIGRATE_INFO_TYPE not supported.
<6>[    0.000000] percpu: Embedded 24 pages/cpu @ffff8000bff09000 s60696 r8192 d29416 u98304
<7>[    0.000000] pcpu-alloc: s60696 r8192 d29416 u98304 alloc=24*4096
<7>[    0.000000] pcpu-alloc: [0] 0 [0] 1 [0] 2 [0] 3 
<6>[    0.000000] Detected PIPT I-cache on CPU0
<6>[    0.000000] Built 1 zonelists, mobility grouping on.  Total pages: 754688
<6>[    0.000000] Policy zone: DMA
<5>[    0.000000] Kernel command line: vmlinuz initrd=\initrd systemd.log_target=null plymouth.ignore-serial-consoles debug crashkernel=512M,high log_buf_len=1M efi=debug acpi=on crashkernel=256M earlycon uefi_debug console=ttyAMA0 luv_netconsole=none luv_storage=none luv_tests=fwts
<6>[    0.000000] log_buf_len: 1048576 bytes
<6>[    0.000000] early log buf free: 120828(92%)
<6>[    0.000000] PID hash table entries: 4096 (order: 3, 32768 bytes)
<6>[    0.000000] Memory: 2618064K/3067904K available (11068K kernel code, 1722K rwdata, 4752K rodata, 1600K init, 597K bss, 433456K reserved, 16384K cma-reserved)
<5>[    0.000000] Virtual kernel memory layout:
<5>[    0.000000]     modules : 0xffff000000000000 - 0xffff000008000000   (   128 MB)
<5>[    0.000000]     vmalloc : 0xffff000008000000 - 0xffff7dffbfff0000   (129022 GB)
<5>[    0.000000]       .text : 0xffff000008080000 - 0xffff000008b50000   ( 11072 KB)
<5>[    0.000000]     .rodata : 0xffff000008b50000 - 0xffff000009000000   (  4800 KB)
<5>[    0.000000]       .init : 0xffff000009000000 - 0xffff000009190000   (  1600 KB)
<5>[    0.000000]       .data : 0xffff000009190000 - 0xffff00000933ea00   (  1723 KB)
<5>[    0.000000]        .bss : 0xffff00000933ea00 - 0xffff0000093d4078   (   598 KB)
<5>[    0.000000]     fixed   : 0xffff7dfffe7fd000 - 0xffff7dfffec00000   (  4108 KB)
<5>[    0.000000]     PCI I/O : 0xffff7dfffee00000 - 0xffff7dffffe00000   (    16 MB)
<5>[    0.000000]     vmemmap : 0xffff7e0000000000 - 0xffff800000000000   (  2048 GB maximum)
<5>[    0.000000]               0xffff7e0000000000 - 0xffff7e0003000000   (    48 MB actual)
<5>[    0.000000]     memory  : 0xffff800000000000 - 0xffff8000c0000000   (  3072 MB)
<6>[    0.000000] SLUB: HWalign=64, Order=0-3, MinObjects=0, CPUs=4, Nodes=1
<6>[    0.000000] ftrace: allocating 41525 entries in 163 pages
<6>[    0.000000] Preemptible hierarchical RCU implementation.
<6>[    0.000000] 	RCU restricting CPUs from NR_CPUS=512 to nr_cpu_ids=4.
<6>[    0.000000] 	Tasks RCU enabled.
<6>[    0.000000] RCU: Adjusting geometry for rcu_fanout_leaf=16, nr_cpu_ids=4
<6>[    0.000000] NR_IRQS: 64, nr_irqs: 64, preallocated irqs: 0
<6>[    0.000000] GIC: Using split EOI/Deactivate mode
<6>[    0.000000] arch_timer: cp15 timer(s) running at 54.00MHz (phys).
<6>[    0.000000] clocksource: arch_sys_counter: mask: 0xffffffffffffff max_cycles: 0xc743ce346, max_idle_ns: 440795203123 ns
<6>[    0.000002] sched_clock: 56 bits at 54MHz, resolution 18ns, wraps every 4398046511102ns
<6>[    0.000065] Console: colour dummy device 80x25
<6>[    0.000095] Calibrating delay loop (skipped), value calculated using timer frequency.. 108.00 BogoMIPS (lpj=216000)
<6>[    0.000103] pid_max: default: 32768 minimum: 301
<6>[    0.000116] ACPI: Core revision 20170728
<6>[    0.001018] ACPI: 1 ACPI AML tables successfully acquired and loaded
<6>[    0.001053] Security Framework initialized
<6>[    0.003386] Dentry cache hash table entries: 524288 (order: 10, 4194304 bytes)
<6>[    0.004785] Inode-cache hash table entries: 262144 (order: 9, 2097152 bytes)
<6>[    0.004844] Mount-cache hash table entries: 8192 (order: 4, 65536 bytes)
<6>[    0.004895] Mountpoint-cache hash table entries: 8192 (order: 4, 65536 bytes)
<6>[    0.020070] ASID allocator initialised with 65536 entries
<6>[    0.028060] Hierarchical SRCU implementation.
<6>[    0.036175] Remapping and enabling EFI services.
<6>[    0.036204]   EFI remap 0x00000000001d0000 => 0000000020000000
<6>[    0.036221]   EFI remap 0x0000000033440000 => 0000000020020000
<6>[    0.036230]   EFI remap 0x00000000338f0000 => 00000000200e0000
<6>[    0.036240]   EFI remap 0x0000000033940000 => 0000000020130000
<6>[    0.036251]   EFI remap 0x0000000033a10000 => 0000000020180000
<6>[    0.036266]   EFI remap 0x0000000033ab0000 => 0000000020200000
<6>[    0.036306]   EFI remap 0x0000000037000000 => 0000000020280000
<6>[    0.036352]   EFI remap 0x0000000037190000 => 0000000020410000
<6>[    0.036356] efi: memattr: Processing EFI Memory Attributes table:
<6>[    0.036364] efi: memattr:  0x0000001d0000-0x0000001effff [Runtime Data       |RUN|  |  |XP|  |  |  |   |  |  |  |  ]
<6>[    0.036373] efi: memattr:  0x000033440000-0x0000334fffff [Runtime Data       |RUN|  |  |XP|  |  |  |   |  |  |  |  ]
<6>[    0.036389] efi: memattr:  0x0000338f0000-0x00003393ffff [Runtime Data       |RUN|  |  |XP|  |  |  |   |  |  |  |  ]
<6>[    0.036399] efi: memattr:  0x000033940000-0x00003394ffff [Runtime Code       |RUN|  |  |XP|  |  |  |   |  |  |  |  ]
<6>[    0.036406] efi: memattr:  0x000033950000-0x00003395ffff [Runtime Code       |RUN|  |  |  |  |  |RO|   |  |  |  |  ]
<6>[    0.036412] efi: memattr:  0x000033960000-0x00003398ffff [Runtime Code       |RUN|  |  |XP|  |  |  |   |  |  |  |  ]
<6>[    0.036420] efi: memattr:  0x000033a10000-0x000033a1ffff [Runtime Code       |RUN|  |  |XP|  |  |  |   |  |  |  |  ]
<6>[    0.036426] efi: memattr:  0x000033a20000-0x000033a2ffff [Runtime Code       |RUN|  |  |  |  |  |RO|   |  |  |  |  ]
<6>[    0.036432] efi: memattr:  0x000033a30000-0x000033a5ffff [Runtime Code       |RUN|  |  |XP|  |  |  |   |  |  |  |  ]
<6>[    0.036440] efi: memattr:  0x000033a60000-0x000033a6ffff [Runtime Code       |RUN|  |  |  |  |  |RO|   |  |  |  |  ]
<6>[    0.036446] efi: memattr:  0x000033a70000-0x000033a8ffff [Runtime Code       |RUN|  |  |XP|  |  |  |   |  |  |  |  ]
<6>[    0.036452] efi: memattr:  0x000033ab0000-0x000033abffff [Runtime Code       |RUN|  |  |XP|  |  |  |   |  |  |  |  ]
<6>[    0.036458] efi: memattr:  0x000033ac0000-0x000033acffff [Runtime Code       |RUN|  |  |  |  |  |RO|   |  |  |  |  ]
<6>[    0.036464] efi: memattr:  0x000033ad0000-0x000033afffff [Runtime Code       |RUN|  |  |XP|  |  |  |   |  |  |  |  ]
<6>[    0.036472] efi: memattr:  0x000033b00000-0x000033b0ffff [Runtime Code       |RUN|  |  |  |  |  |RO|   |  |  |  |  ]
<6>[    0.036478] efi: memattr:  0x000033b10000-0x000033b2ffff [Runtime Code       |RUN|  |  |XP|  |  |  |   |  |  |  |  ]
<6>[    0.036485] efi: memattr:  0x000037000000-0x00003703ffff [Runtime Code       |RUN|  |  |XP|  |  |  |   |  |  |  |  ]
<6>[    0.036493] efi: memattr:  0x000037040000-0x0000370bffff [Runtime Code       |RUN|  |  |  |  |  |RO|   |  |  |  |  ]
<6>[    0.036505] efi: memattr:  0x0000370c0000-0x0000370fffff [Runtime Code       |RUN|  |  |XP|  |  |  |   |  |  |  |  ]
<6>[    0.036514] efi: memattr:  0x000037100000-0x00003710ffff [Runtime Code       |RUN|  |  |  |  |  |RO|   |  |  |  |  ]
<6>[    0.036520] efi: memattr:  0x000037110000-0x00003714ffff [Runtime Code       |RUN|  |  |XP|  |  |  |   |  |  |  |  ]
<6>[    0.036529] efi: memattr:  0x000037150000-0x00003715ffff [Runtime Code       |RUN|  |  |  |  |  |RO|   |  |  |  |  ]
<6>[    0.036534] efi: memattr:  0x000037160000-0x00003718ffff [Runtime Code       |RUN|  |  |XP|  |  |  |   |  |  |  |  ]
<6>[    0.036542] efi: memattr:  0x000037190000-0x0000373dffff [Runtime Data       |RUN|  |  |XP|  |  |  |   |  |  |  |  ]
<6>[    0.044079] smp: Bringing up secondary CPUs ...
<6>[    0.072165] Detected PIPT I-cache on CPU1
<6>[    0.072198] CPU1: Booted secondary processor [410fd083]
<6>[    0.100185] Detected PIPT I-cache on CPU2
<6>[    0.100202] CPU2: Booted secondary processor [410fd083]
<6>[    0.128218] Detected PIPT I-cache on CPU3
<6>[    0.128235] CPU3: Booted secondary processor [410fd083]
<6>[    0.128275] smp: Brought up 1 node, 4 CPUs
<6>[    0.128285] SMP: Total of 4 processors activated.
<6>[    0.128290] CPU features: detected feature: 32-bit EL0 Support
<6>[    0.128382] CPU: All CPU(s) started at EL2
<6>[    0.128762] devtmpfs: initialized
<6>[    0.129372] clocksource: jiffies: mask: 0xffffffff max_cycles: 0xffffffff, max_idle_ns: 7645041785100000 ns
<6>[    0.129402] futex hash table entries: 1024 (order: 5, 131072 bytes)
<6>[    0.129723] pinctrl core: initialized pinctrl subsystem
<6>[    0.130307] SMBIOS 3.3.0 present.
<6>[    0.130320] DMI: Sony UK Raspberry Pi 4 Model B/Raspberry Pi 4 Model B, BIOS UEFI Firmware v1.9 Apr 21 2020 14:08:23
<6>[    0.130537] NET: Registered protocol family 16
<6>[    0.131414] cpuidle: using governor menu
<6>[    0.131656] vdso: 2 pages (1 code @ ffff000008b56000, 1 data @ ffff000009195000)
<6>[    0.131669] hw-breakpoint: found 6 breakpoint and 4 watchpoint registers.
<6>[    0.132866] DMA: preallocated 256 KiB pool for atomic allocations
<6>[    0.132999] ACPI: bus type PCI registered
<6>[    0.133005] acpiphp: ACPI Hot Plug PCI Controller Driver version: 0.5
<6>[    0.133122] Serial: AMBA PL011 UART driver
<6>[    0.139499] HugeTLB registered 2.00 MiB page size, pre-allocated 0 pages
<6>[    0.140024] ACPI: Added _OSI(Module Device)
<6>[    0.140029] ACPI: Added _OSI(Processor Device)
<6>[    0.140033] ACPI: Added _OSI(3.0 _SCP Extensions)
<6>[    0.140037] ACPI: Added _OSI(Processor Aggregator Device)
<6>[    0.141483] ACPI: Interpreter enabled
<6>[    0.141488] ACPI: Using GIC for interrupt routing
<3>[    0.141517] ACPI: Failed to parse MCFG (-19)
<6>[    0.148559] BCM2837:00: ttyAMA0 at MMIO 0xfe201000 (irq = 19, base_baud = 0) is a SBSA
<6>[    1.787935] console [ttyAMA0] enabled
<6>[    1.792851] vgaarb: loaded
<5>[    1.795680] SCSI subsystem initialized
<7>[    1.799553] libata version 3.00 loaded.
<6>[    1.803505] ACPI: bus type USB registered
<6>[    1.807561] usbcore: registered new interface driver usbfs
<6>[    1.813068] usbcore: registered new interface driver hub
<6>[    1.818415] usbcore: registered new device driver usb
<6>[    1.823690] pps_core: LinuxPPS API ver. 1 registered
<6>[    1.828649] pps_core: Software ver. 5.3.6 - Copyright 2005-2007 Rodolfo Giometti <giometti@linux.it>
<6>[    1.837779] PTP clock support registered
<6>[    1.841735] EDAC MC: Ver: 3.0.0
<6>[    1.845043] Registered efivars operations
<6>[    1.849683] Advanced Linux Sound Architecture Driver Initialized.
<6>[    1.856216] clocksource: Switched to clocksource arch_sys_counter
<5>[    1.884644] VFS: Disk quotas dquot_6.6.0
<6>[    1.888618] VFS: Dquot-cache hash table entries: 512 (order 0, 4096 bytes)
<6>[    1.895627] pnp: PnP ACPI init
<6>[    1.899042] pnp: PnP ACPI: found 0 devices
<6>[    1.906564] NET: Registered protocol family 2
<6>[    1.911244] TCP established hash table entries: 32768 (order: 6, 262144 bytes)
<6>[    1.918655] TCP bind hash table entries: 32768 (order: 7, 524288 bytes)
<6>[    1.925685] TCP: Hash tables configured (established 32768 bind 32768)
<6>[    1.932373] UDP hash table entries: 2048 (order: 4, 65536 bytes)
<6>[    1.938438] UDP-Lite hash table entries: 2048 (order: 4, 65536 bytes)
<6>[    1.945034] NET: Registered protocol family 1
<6>[    1.949617] RPC: Registered named UNIX socket transport module.
<6>[    1.955533] RPC: Registered udp transport module.
<6>[    1.960228] RPC: Registered tcp transport module.
<6>[    1.964926] RPC: Registered tcp NFSv4.1 backchannel transport module.
<7>[    1.971361] PCI: CLS 0 bytes, default 128
<6>[    1.975451] Unpacking initramfs...
<6>[    4.633736] Freeing initrd memory: 88092K
<6>[    4.638116] hw perfevents: enabled with armv8_pmuv3_0 PMU driver, 7 counters available
<6>[    4.646051] kvm [1]: 8-bit VMID
<6>[    4.649186] kvm [1]: IDMAP page: d38000
<6>[    4.653034] kvm [1]: HYP VA range: 800000000000:ffffffffffff
<6>[    4.659263] kvm [1]: vgic-v2@ff844000
<6>[    4.662974] kvm [1]: vgic interrupt IRQ1
<6>[    4.666896] kvm [1]: virtual timer IRQ3
<6>[    4.670783] kvm [1]: Hyp mode initialized successfully
<6>[    4.676928] audit: initializing netlink subsys (disabled)
<5>[    4.682389] audit: type=2000 audit(3.831:1): state=initialized audit_enabled=0 res=1
<6>[    4.682661] workingset: timestamp_bits=44 max_order=20 bucket_order=0
<6>[    4.686062] squashfs: version 4.0 (2009/01/31) Phillip Lougher
<5>[    4.686422] NFS: Registering the id_resolver key type
<5>[    4.686435] Key type id_resolver registered
<5>[    4.686436] Key type id_legacy registered
<6>[    4.686442] nfs4filelayout_init: NFSv4 File Layout Driver Registering...
<6>[    4.686531] 9p: Installing v9fs 9p2000 file system support
<6>[    4.687821] Block layer SCSI generic (bsg) driver version 0.4 loaded (major 246)
<6>[    4.687826] io scheduler noop registered
<6>[    4.687924] io scheduler cfq registered (default)
<6>[    4.687926] io scheduler mq-deadline registered
<6>[    4.687928] io scheduler kyber registered
<4>[    4.696776] EINJ: EINJ table not found.
<6>[    4.696778] ERST DBG: ERST support is disabled.
<6>[    4.700024] Serial: 8250/16550 driver, 4 ports, IRQ sharing enabled
<6>[    4.700986] SuperH (H)SCI(F) driver initialized
<6>[    4.701069] msm_serial: driver initialized
<4>[    4.702573] cacheinfo: Unable to detect cache hierarchy for CPU 0
<6>[    4.706678] loop: module loaded
<6>[    4.708126] libphy: Fixed MDIO Bus: probed
<6>[    4.708632] tun: Universal TUN/TAP device driver, 1.6
<6>[    4.708969] e1000e: Intel(R) PRO/1000 Network Driver - 3.2.6-k
<6>[    4.708970] e1000e: Copyright(c) 1999 - 2015 Intel Corporation.
<6>[    4.708990] igb: Intel(R) Gigabit Ethernet Network Driver - version 5.4.0-k
<6>[    4.708991] igb: Copyright (c) 2007-2014 Intel Corporation.
<6>[    4.709007] igbvf: Intel(R) Gigabit Virtual Function Network Driver - version 2.4.0-k
<6>[    4.709008] igbvf: Copyright (c) 2009 - 2012 Intel Corporation.
<6>[    4.709082] sky2: driver version 1.30
<6>[    4.709520] VFIO - User Level meta-driver version: 0.3
<6>[    4.710018] ehci_hcd: USB 2.0 'Enhanced' Host Controller (EHCI) Driver
<6>[    4.710020] ehci-pci: EHCI PCI platform driver
<6>[    4.710037] ehci-platform: EHCI generic platform driver
<6>[    4.710082] ehci-orion: EHCI orion driver
<6>[    4.710105] ehci-exynos: EHCI EXYNOS driver
<6>[    4.710126] ehci-msm: Qualcomm On-Chip EHCI Host Controller
<6>[    4.710151] ohci_hcd: USB 1.1 'Open' Host Controller (OHCI) Driver
<6>[    4.710162] ohci-pci: OHCI PCI platform driver
<6>[    4.710182] ohci-platform: OHCI generic platform driver
<6>[    4.710203] ohci-exynos: OHCI EXYNOS driver
<6>[    4.710315] xhci-hcd PNP0D10:00: xHCI Host Controller
<6>[    4.710326] xhci-hcd PNP0D10:00: new USB bus registered, assigned bus number 1
<6>[    4.723636] xhci-hcd PNP0D10:00: hcc params 0x002841eb hci version 0x100 quirks 0x00010010
<6>[    4.723664] xhci-hcd PNP0D10:00: irq 5, io mem 0x600000000
<6>[    4.724004] hub 1-0:1.0: USB hub found
<6>[    4.724047] hub 1-0:1.0: 1 port detected
<6>[    4.724210] xhci-hcd PNP0D10:00: xHCI Host Controller
<6>[    4.724732] xhci-hcd PNP0D10:00: new USB bus registered, assigned bus number 2
<6>[    4.724825] usb usb2: We don't know the algorithms for LPM for this host, disabling LPM.
<6>[    4.725080] hub 2-0:1.0: USB hub found
<6>[    4.725095] hub 2-0:1.0: 4 ports detected
<6>[    4.725510] usbcore: registered new interface driver usb-storage
<6>[    4.726475] rtc-efi rtc-efi: rtc core: registered rtc-efi as rtc0
<6>[    4.726882] i2c /dev entries driver
<6>[    4.727915] sdhci: Secure Digital Host Controller Interface driver
<6>[    4.727916] sdhci: Copyright(c) Pierre Ossman
<6>[    4.728006] Synopsys Designware Multimedia Card Interface Driver
<6>[    4.728185] sdhci-pltfm: SDHCI platform and OF driver helper
<6>[    4.735793] ledtrig-cpu: registered to indicate activity on CPUs
<6>[    4.736013] EFI Variables Facility v0.08 2004-May-17
<6>[    4.737212] pstore: using zlib compression
<6>[    4.737220] pstore: Registered efi as persistent store backend
<6>[    4.737713] usbcore: registered new interface driver usbhid
<6>[    4.737714] usbhid: USB HID core driver
<6>[    4.738772] gre: GRE over IPv4 demultiplexor driver
<6>[    4.738780] NET: Registered protocol family 17
<6>[    4.738824] 9pnet: Installing 9P2000 support
<5>[    4.738859] Key type dns_resolver registered
<6>[    4.739369] registered taskstats version 1
<6>[    4.739680] rtc-efi rtc-efi: setting system clock to 2020-04-21 14:07:10 UTC (1587478030)
<6>[    4.742524] ALSA device list:
<6>[    4.742526]   No soundcards found.
<6>[    5.057355] usb 2-1: new SuperSpeed USB device number 2 using xhci-hcd
<6>[    5.066399] Freeing unused kernel memory: 1600K
<6>[    5.080682] NET: Registered protocol family 10
<6>[    5.081224] usb-storage 2-1:1.0: USB Mass Storage device detected
<6>[    5.085432] scsi host0: usb-storage 2-1:1.0
<6>[    5.095769] Segment Routing with IPv6
<6>[    5.204233] usb 1-1: new high-speed USB device number 2 using xhci-hcd
<6>[    5.360581] hub 1-1:1.0: USB hub found
<6>[    5.366128] hub 1-1:1.0: 4 ports detected
<5>[    6.092709] scsi 0:0:0:0: Direct-Access     SanDisk  Extreme          0001 PQ: 0 ANSI: 6
<5>[    6.102876] sd 0:0:0:0: [sda] 31277232 512-byte logical blocks: (16.0 GB/14.9 GiB)
<5>[    6.111209] sd 0:0:0:0: [sda] Write Protect is off
<7>[    6.116063] sd 0:0:0:0: [sda] Mode Sense: 53 00 00 08
<5>[    6.121859] sd 0:0:0:0: [sda] Write cache: enabled, read cache: enabled, doesn't support DPO or FUA
<4>[    6.143018] GPT:Primary header thinks Alt. header is not at the end of the disk.
<4>[    6.150453] GPT:501759 != 31277231
<4>[    6.153873] GPT:Alternate GPT header not at the end of the disk.
<4>[    6.153876] GPT:501759 != 31277231
<4>[    6.153877] GPT: Use GNU Parted to correct GPT errors.
<6>[    6.153905]  sda: sda1 sda2
<5>[    6.175456] sd 0:0:0:0: [sda] Attached SCSI removable disk
<4>[    8.717020] sbsa_acs: loading out-of-tree module taints kernel.
<4>[    8.723614] init SBSA Driver 
