<6>[    0.000000] Booting Linux on physical CPU 0x0
<5>[    0.000000] Linux version 4.14.0-efitest (oe-user@oe-host) (gcc version 7.2.0 (GCC)) #1 SMP PREEMPT Wed Mar 14 17:02:39 IST 2018
<6>[    0.000000] Boot CPU: AArch64 Processor [410fd083]
<6>[    0.000000] efi: Getting EFI parameters from FDT:
<6>[    0.000000] efi:   System Table: 0x00000000373d0018
<6>[    0.000000] efi:   MemMap Address: 0x00000000338dd018
<6>[    0.000000] efi:   MemMap Size: 0x00000870
<6>[    0.000000] efi:   MemMap Desc. Size: 0x00000030
<6>[    0.000000] efi:   MemMap Desc. Version: 0x00000001
<6>[    0.000000] efi: EFI v2.70 by https://github.com/pftf/RPi4
<6>[    0.000000] efi:  ACPI=0x33aa0000  ACPI 2.0=0x33aa0014  SMBIOS=0x37200000  SMBIOS 3.0=0x371e0000  MEMATTR=0x35535018  RNG=0x373dce18 
<5>[    0.000000] random: fast init done
<5>[    0.000000] efi: seeding entropy pool
<6>[    0.000000] efi: Processing EFI memory map:
<6>[    0.000000] efi:   0x000000000000-0x0000001cffff [Reserved           |   |  |  |  |  |  |  |   |WB|WT|WC|  ]
<6>[    0.000000] efi:   0x0000001d0000-0x0000001effff [Runtime Data       |RUN|  |  |  |  |  |  |   |WB|WT|WC|  ]
<6>[    0.000000] efi:   0x0000001f0000-0x0000001fffff [Reserved           |   |  |  |  |  |  |  |   |WB|WT|WC|  ]
<6>[    0.000000] efi:   0x000000200000-0x0000015dffff [Loader Data        |   |  |  |  |  |  |  |   |WB|WT|WC|  ]
<6>[    0.000000] efi:   0x0000015e0000-0x000030e25fff [Conventional Memory|   |  |  |  |  |  |  |   |WB|WT|WC|  ]
<6>[    0.000000] efi:   0x000030e26000-0x000032180fff [Loader Code        |   |  |  |  |  |  |  |   |WB|WT|WC|  ]
<6>[    0.000000] efi:   0x000032181000-0x00003343ffff [Conventional Memory|   |  |  |  |  |  |  |   |WB|WT|WC|  ]
<6>[    0.000000] efi:   0x000033440000-0x0000334fffff [Runtime Data       |RUN|  |  |  |  |  |  |   |WB|WT|WC|  ]
<6>[    0.000000] efi:   0x000033500000-0x000033509fff [Conventional Memory|   |  |  |  |  |  |  |   |WB|WT|WC|  ]
<6>[    0.000000] efi:   0x00003350a000-0x000033784fff [Loader Code        |   |  |  |  |  |  |  |   |WB|WT|WC|  ]
<6>[    0.000000] efi:   0x000033785000-0x00003388ffff [Reserved           |   |  |  |  |  |  |  |   |WB|WT|WC|  ]
<6>[    0.000000] efi:   0x000033890000-0x0000338dcfff [Conventional Memory|   |  |  |  |  |  |  |   |WB|WT|WC|  ]
<6>[    0.000000] efi:   0x0000338dd000-0x0000338dffff [Loader Data        |   |  |  |  |  |  |  |   |WB|WT|WC|  ]
<6>[    0.000000] efi:   0x0000338e0000-0x0000338effff [ACPI Reclaim Memory|   |  |  |  |  |  |  |   |WB|WT|WC|  ]
<6>[    0.000000] efi:   0x0000338f0000-0x00003393ffff [Runtime Data       |RUN|  |  |  |  |  |  |   |WB|WT|WC|  ]
<6>[    0.000000] efi:   0x000033940000-0x00003398ffff [Runtime Code       |RUN|  |  |  |  |  |  |   |WB|WT|WC|  ]
<6>[    0.000000] efi:   0x000033990000-0x000033a0ffff [ACPI Reclaim Memory|   |  |  |  |  |  |  |   |WB|WT|WC|  ]
<6>[    0.000000] efi:   0x000033a10000-0x000033a8ffff [Runtime Code       |RUN|  |  |  |  |  |  |   |WB|WT|WC|  ]
<6>[    0.000000] efi:   0x000033a90000-0x000033aaffff [ACPI Reclaim Memory|   |  |  |  |  |  |  |   |WB|WT|WC|  ]
<6>[    0.000000] efi:   0x000033ab0000-0x000033b2ffff [Runtime Code       |RUN|  |  |  |  |  |  |   |WB|WT|WC|  ]
<6>[    0.000000] efi:   0x000033b30000-0x000034bd9fff [Conventional Memory|   |  |  |  |  |  |  |   |WB|WT|WC|  ]
<6>[    0.000000] efi:   0x000034bda000-0x0000354dbfff [Boot Data          |   |  |  |  |  |  |  |   |WB|WT|WC|  ]
<6>[    0.000000] efi:   0x0000354dc000-0x0000354ebfff [Conventional Memory|   |  |  |  |  |  |  |   |WB|WT|WC|  ]
<6>[    0.000000] efi:   0x0000354ec000-0x000035508fff [Boot Data          |   |  |  |  |  |  |  |   |WB|WT|WC|  ]
<6>[    0.000000] efi:   0x000035509000-0x000035512fff [Conventional Memory|   |  |  |  |  |  |  |   |WB|WT|WC|  ]
<6>[    0.000000] efi:   0x000035513000-0x000035532fff [Boot Data          |   |  |  |  |  |  |  |   |WB|WT|WC|  ]
<6>[    0.000000] efi:   0x000035533000-0x000035534fff [Conventional Memory|   |  |  |  |  |  |  |   |WB|WT|WC|  ]
<6>[    0.000000] efi:   0x000035535000-0x00003555bfff [Boot Data          |   |  |  |  |  |  |  |   |WB|WT|WC|  ]
<6>[    0.000000] efi:   0x00003555c000-0x00003555cfff [Conventional Memory|   |  |  |  |  |  |  |   |WB|WT|WC|  ]
<6>[    0.000000] efi:   0x00003555d000-0x000036a23fff [Boot Data          |   |  |  |  |  |  |  |   |WB|WT|WC|  ]
<6>[    0.000000] efi:   0x000036a24000-0x000036bbdfff [Conventional Memory|   |  |  |  |  |  |  |   |WB|WT|WC|  ]
<6>[    0.000000] efi:   0x000036bbe000-0x000036ffffff [Boot Code          |   |  |  |  |  |  |  |   |WB|WT|WC|  ]
<6>[    0.000000] efi:   0x000037000000-0x00003718ffff [Runtime Code       |RUN|  |  |  |  |  |  |   |WB|WT|WC|  ]
<6>[    0.000000] efi:   0x000037190000-0x0000373dffff [Runtime Data       |RUN|  |  |  |  |  |  |   |WB|WT|WC|  ]
<6>[    0.000000] efi:   0x0000373e0000-0x0000373fefff [Conventional Memory|   |  |  |  |  |  |  |   |WB|WT|WC|  ]
<6>[    0.000000] efi:   0x0000373ff000-0x0000373fffff [Boot Data          |   |  |  |  |  |  |  |   |WB|WT|WC|  ]
<6>[    0.000000] efi:   0x000037400000-0x00003a42cfff [Conventional Memory|   |  |  |  |  |  |  |   |WB|WT|WC|  ]
<6>[    0.000000] efi:   0x00003a42d000-0x00003a462fff [Boot Code          |   |  |  |  |  |  |  |   |WB|WT|WC|  ]
<6>[    0.000000] efi:   0x00003a463000-0x00003b3fffff [Boot Data          |   |  |  |  |  |  |  |   |WB|WT|WC|  ]
<6>[    0.000000] efi:   0x000040000000-0x00008c7fffff [Conventional Memory|   |  |  |  |  |  |  |   |WB|WT|WC|  ]
<6>[    0.000000] efi:   0x00008c800000-0x00008c9fffff [Loader Data        |   |  |  |  |  |  |  |   |WB|WT|WC|  ]
<6>[    0.000000] efi:   0x00008ca00000-0x00008cbdffff [Conventional Memory|   |  |  |  |  |  |  |   |WB|WT|WC|  ]
<6>[    0.000000] efi:   0x00008cbe0000-0x0000921fffff [Loader Data        |   |  |  |  |  |  |  |   |WB|WT|WC|  ]
<6>[    0.000000] efi:   0x000092200000-0x000092201fff [Conventional Memory|   |  |  |  |  |  |  |   |WB|WT|WC|  ]
<6>[    0.000000] efi:   0x000092202000-0x0000bfffffff [Loader Data        |   |  |  |  |  |  |  |   |WB|WT|WC|  ]
<6>[    0.000000] crashkernel reserved: 0x00000000afe00000 - 0x00000000bfe00000 (256 MB)
<6>[    0.000000] cma: Reserved 16 MiB at 0x00000000aec00000
<6>[    0.000000] ACPI: Early table checksum verification disabled
<6>[    0.000000] ACPI: RSDP 0x0000000033AA0014 000024 (v02 RPIFDN)
<6>[    0.000000] ACPI: XSDT 0x0000000033A900E8 000064 (v01 RPIFDN RPI4     00000200      01000013)
<6>[    0.000000] ACPI: FACP 0x00000000339E0000 00010C (v05 RPIFDN RPI4     00000200 EDK2 00000200)
<6>[    0.000000] ACPI: DSDT 0x0000000033990000 0022FC (v05 RPIFDN RPI      00000002 INTL 20180105)
<6>[    0.000000] ACPI: CSRT 0x0000000033A00000 000169 (v00 RPIFDN RPI4     00000200 EDK2 00000200)
<6>[    0.000000] ACPI: DBG2 0x00000000339F0000 00005C (v00 RPIFDN RPI4     00000200 EDK2 00000200)
<6>[    0.000000] ACPI: GTDT 0x00000000339D0000 000060 (v02 RPIFDN RPI4     00000200 EDK2 00000200)
<6>[    0.000000] ACPI: APIC 0x00000000339C0000 000174 (v03 RPIFDN RPI4     00000200 EDK2 00000200)
<6>[    0.000000] ACPI: PPTT 0x00000000339B0000 000184 (v02 RPIFDN RPI4     00000200 EDK2 00000200)
<6>[    0.000000] ACPI: SPCR 0x00000000339A0000 000050 (v02 RPIFDN RPI4     00000200 EDK2 00000200)
<6>[    0.000000] ACPI: BGRT 0x00000000338E0000 000038 (v01 INTEL  EDK2     00000002      01000013)
<6>[    0.000000] ACPI: SPCR: console: pl011,mmio32,0xfe201000,115200
<6>[    0.000000] earlycon: pl11 at MMIO32 0x00000000fe201000 (options '115200')
<6>[    0.000000] bootconsole [pl11] enabled
<6>[    0.000000] ACPI: NUMA: Failed to initialise from firmware
<6>[    0.000000] NUMA: Faking a node at [mem 0x0000000000000000-0x00000000bfffffff]
<6>[    0.000000] NUMA: NODE_DATA [mem 0xbff6e500-0xbff6ffff]
<6>[    0.000000] Zone ranges:
<6>[    0.000000]   DMA      [mem 0x0000000000000000-0x00000000bfffffff]
<6>[    0.000000]   Normal   empty
<6>[    0.000000] Movable zone start for each node
<6>[    0.000000] Early memory node ranges
<6>[    0.000000]   node   0: [mem 0x0000000000000000-0x00000000001fffff]
<6>[    0.000000]   node   0: [mem 0x0000000000200000-0x000000003343ffff]
<6>[    0.000000]   node   0: [mem 0x0000000033440000-0x00000000334fffff]
<6>[    0.000000]   node   0: [mem 0x0000000033500000-0x0000000033784fff]
<6>[    0.000000]   node   0: [mem 0x0000000033785000-0x000000003388ffff]
<6>[    0.000000]   node   0: [mem 0x0000000033890000-0x00000000338effff]
<6>[    0.000000]   node   0: [mem 0x00000000338f0000-0x000000003398ffff]
<6>[    0.000000]   node   0: [mem 0x0000000033990000-0x0000000033a0ffff]
<6>[    0.000000]   node   0: [mem 0x0000000033a10000-0x0000000033a8ffff]
<6>[    0.000000]   node   0: [mem 0x0000000033a90000-0x0000000033aaffff]
<6>[    0.000000]   node   0: [mem 0x0000000033ab0000-0x0000000033b2ffff]
<6>[    0.000000]   node   0: [mem 0x0000000033b30000-0x0000000036ffffff]
<6>[    0.000000]   node   0: [mem 0x0000000037000000-0x00000000373dffff]
<6>[    0.000000]   node   0: [mem 0x00000000373e0000-0x000000003b3fffff]
<6>[    0.000000]   node   0: [mem 0x0000000040000000-0x00000000bfffffff]
<6>[    0.000000] Initmem setup node 0 [mem 0x0000000000000000-0x00000000bfffffff]
<7>[    0.000000] On node 0 totalpages: 766976
<7>[    0.000000]   DMA zone: 12288 pages used for memmap
<7>[    0.000000]   DMA zone: 0 pages reserved
<7>[    0.000000]   DMA zone: 766976 pages, LIFO batch:31
<6>[    0.000000] psci: probing for conduit method from ACPI.
<6>[    0.000000] psci: PSCIv1.1 detected in firmware.
<6>[    0.000000] psci: Using standard PSCI v0.2 function IDs
<6>[    0.000000] psci: MIGRATE_INFO_TYPE not supported.
<6>[    0.000000] percpu: Embedded 24 pages/cpu @ffff8000bff09000 s60696 r8192 d29416 u98304
<7>[    0.000000] pcpu-alloc: s60696 r8192 d29416 u98304 alloc=24*4096
<7>[    0.000000] pcpu-alloc: [0] 0 [0] 1 [0] 2 [0] 3 
<6>[    0.000000] Detected PIPT I-cache on CPU0
<6>[    0.000000] Built 1 zonelists, mobility grouping on.  Total pages: 754688
<6>[    0.000000] Policy zone: DMA
<5>[    0.000000] Kernel command line: vmlinuz initrd=\initrd systemd.log_target=null plymouth.ignore-serial-consoles debug crashkernel=512M,high log_buf_len=1M efi=debug acpi=on crashkernel=256M earlycon uefi_debug console=ttyAMA0 luv_netconsole=none luv_storage=none luv_tests=fwts
<6>[    0.000000] log_buf_len: 1048576 bytes
<6>[    0.000000] early log buf free: 120984(92%)
<6>[    0.000000] PID hash table entries: 4096 (order: 3, 32768 bytes)
<6>[    0.000000] Memory: 2618000K/3067904K available (11068K kernel code, 1722K rwdata, 4752K rodata, 1600K init, 597K bss, 433520K reserved, 16384K cma-reserved)
<5>[    0.000000] Virtual kernel memory layout:
<5>[    0.000000]     modules : 0xffff000000000000 - 0xffff000008000000   (   128 MB)
<5>[    0.000000]     vmalloc : 0xffff000008000000 - 0xffff7dffbfff0000   (129022 GB)
<5>[    0.000000]       .text : 0xffff000008080000 - 0xffff000008b50000   ( 11072 KB)
<5>[    0.000000]     .rodata : 0xffff000008b50000 - 0xffff000009000000   (  4800 KB)
<5>[    0.000000]       .init : 0xffff000009000000 - 0xffff000009190000   (  1600 KB)
<5>[    0.000000]       .data : 0xffff000009190000 - 0xffff00000933ea00   (  1723 KB)
<5>[    0.000000]        .bss : 0xffff00000933ea00 - 0xffff0000093d4078   (   598 KB)
<5>[    0.000000]     fixed   : 0xffff7dfffe7fd000 - 0xffff7dfffec00000   (  4108 KB)
<5>[    0.000000]     PCI I/O : 0xffff7dfffee00000 - 0xffff7dffffe00000   (    16 MB)
<5>[    0.000000]     vmemmap : 0xffff7e0000000000 - 0xffff800000000000   (  2048 GB maximum)
<5>[    0.000000]               0xffff7e0000000000 - 0xffff7e0003000000   (    48 MB actual)
<5>[    0.000000]     memory  : 0xffff800000000000 - 0xffff8000c0000000   (  3072 MB)
<6>[    0.000000] SLUB: HWalign=64, Order=0-3, MinObjects=0, CPUs=4, Nodes=1
<6>[    0.000000] ftrace: allocating 41525 entries in 163 pages
<6>[    0.000000] Preemptible hierarchical RCU implementation.
<6>[    0.000000] 	RCU restricting CPUs from NR_CPUS=512 to nr_cpu_ids=4.
<6>[    0.000000] 	Tasks RCU enabled.
<6>[    0.000000] RCU: Adjusting geometry for rcu_fanout_leaf=16, nr_cpu_ids=4
<6>[    0.000000] NR_IRQS: 64, nr_irqs: 64, preallocated irqs: 0
<6>[    0.000000] GIC: Using split EOI/Deactivate mode
<6>[    0.000000] arch_timer: cp15 timer(s) running at 54.00MHz (phys).
<6>[    0.000000] clocksource: arch_sys_counter: mask: 0xffffffffffffff max_cycles: 0xc743ce346, max_idle_ns: 440795203123 ns
<6>[    0.000002] sched_clock: 56 bits at 54MHz, resolution 18ns, wraps every 4398046511102ns
<6>[    0.008120] Console: colour dummy device 80x25
<6>[    0.012607] Calibrating delay loop (skipped), value calculated using timer frequency.. 108.00 BogoMIPS (lpj=216000)
<6>[    0.023096] pid_max: default: 32768 minimum: 301
<6>[    0.027742] ACPI: Core revision 20170728
<6>[    0.032571] ACPI: 1 ACPI AML tables successfully acquired and loaded
<6>[    0.038987] Security Framework initialized
<6>[    0.045406] Dentry cache hash table entries: 524288 (order: 10, 4194304 bytes)
<6>[    0.053982] Inode-cache hash table entries: 262144 (order: 9, 2097152 bytes)
<6>[    0.061124] Mount-cache hash table entries: 8192 (order: 4, 65536 bytes)
<6>[    0.067895] Mountpoint-cache hash table entries: 8192 (order: 4, 65536 bytes)
<6>[    0.091114] ASID allocator initialised with 65536 entries
<6>[    0.096578] Hierarchical SRCU implementation.
<6>[    0.109072] Remapping and enabling EFI services.
<6>[    0.113734]   EFI remap 0x00000000001d0000 => 0000000020000000
<6>[    0.119605]   EFI remap 0x0000000033440000 => 0000000020020000
<6>[    0.125469]   EFI remap 0x00000000338f0000 => 00000000200e0000
<6>[    0.131332]   EFI remap 0x0000000033940000 => 0000000020130000
<6>[    0.137198]   EFI remap 0x0000000033a10000 => 0000000020180000
<6>[    0.143067]   EFI remap 0x0000000033ab0000 => 0000000020200000
<6>[    0.148959]   EFI remap 0x0000000037000000 => 0000000020280000
<6>[    0.154858]   EFI remap 0x0000000037190000 => 0000000020410000
<6>[    0.160716] efi: memattr: Processing EFI Memory Attributes table:
<6>[    0.166840] efi: memattr:  0x0000001d0000-0x0000001effff [Runtime Data       |RUN|  |  |XP|  |  |  |   |  |  |  |  ]
<6>[    0.177418] efi: memattr:  0x000033440000-0x0000334fffff [Runtime Data       |RUN|  |  |XP|  |  |  |   |  |  |  |  ]
<6>[    0.188003] efi: memattr:  0x0000338f0000-0x00003393ffff [Runtime Data       |RUN|  |  |XP|  |  |  |   |  |  |  |  ]
<6>[    0.198582] efi: memattr:  0x000033940000-0x00003394ffff [Runtime Code       |RUN|  |  |XP|  |  |  |   |  |  |  |  ]
<6>[    0.209158] efi: memattr:  0x000033950000-0x00003395ffff [Runtime Code       |RUN|  |  |  |  |  |RO|   |  |  |  |  ]
<6>[    0.219732] efi: memattr:  0x000033960000-0x00003398ffff [Runtime Code       |RUN|  |  |XP|  |  |  |   |  |  |  |  ]
<6>[    0.230309] efi: memattr:  0x000033a10000-0x000033a1ffff [Runtime Code       |RUN|  |  |XP|  |  |  |   |  |  |  |  ]
<6>[    0.240884] efi: memattr:  0x000033a20000-0x000033a2ffff [Runtime Code       |RUN|  |  |  |  |  |RO|   |  |  |  |  ]
<6>[    0.251459] efi: memattr:  0x000033a30000-0x000033a5ffff [Runtime Code       |RUN|  |  |XP|  |  |  |   |  |  |  |  ]
<6>[    0.262036] efi: memattr:  0x000033a60000-0x000033a6ffff [Runtime Code       |RUN|  |  |  |  |  |RO|   |  |  |  |  ]
<6>[    0.272611] efi: memattr:  0x000033a70000-0x000033a8ffff [Runtime Code       |RUN|  |  |XP|  |  |  |   |  |  |  |  ]
<6>[    0.283187] efi: memattr:  0x000033ab0000-0x000033abffff [Runtime Code       |RUN|  |  |XP|  |  |  |   |  |  |  |  ]
<6>[    0.293762] efi: memattr:  0x000033ac0000-0x000033acffff [Runtime Code       |RUN|  |  |  |  |  |RO|   |  |  |  |  ]
<6>[    0.304336] efi: memattr:  0x000033ad0000-0x000033afffff [Runtime Code       |RUN|  |  |XP|  |  |  |   |  |  |  |  ]
<6>[    0.314913] efi: memattr:  0x000033b00000-0x000033b0ffff [Runtime Code       |RUN|  |  |  |  |  |RO|   |  |  |  |  ]
<6>[    0.325488] efi: memattr:  0x000033b10000-0x000033b2ffff [Runtime Code       |RUN|  |  |XP|  |  |  |   |  |  |  |  ]
<6>[    0.336064] efi: memattr:  0x000037000000-0x00003703ffff [Runtime Code       |RUN|  |  |XP|  |  |  |   |  |  |  |  ]
<6>[    0.346642] efi: memattr:  0x000037040000-0x0000370bffff [Runtime Code       |RUN|  |  |  |  |  |RO|   |  |  |  |  ]
<6>[    0.357224] efi: memattr:  0x0000370c0000-0x0000370fffff [Runtime Code       |RUN|  |  |XP|  |  |  |   |  |  |  |  ]
<6>[    0.367802] efi: memattr:  0x000037100000-0x00003710ffff [Runtime Code       |RUN|  |  |  |  |  |RO|   |  |  |  |  ]
<6>[    0.378377] efi: memattr:  0x000037110000-0x00003714ffff [Runtime Code       |RUN|  |  |XP|  |  |  |   |  |  |  |  ]
<6>[    0.388955] efi: memattr:  0x000037150000-0x00003715ffff [Runtime Code       |RUN|  |  |  |  |  |RO|   |  |  |  |  ]
<6>[    0.399529] efi: memattr:  0x000037160000-0x00003718ffff [Runtime Code       |RUN|  |  |XP|  |  |  |   |  |  |  |  ]
<6>[    0.410106] efi: memattr:  0x000037190000-0x0000373dffff [Runtime Data       |RUN|  |  |XP|  |  |  |   |  |  |  |  ]
<6>[    0.428691] smp: Bringing up secondary CPUs ...
<6>[    0.461333] Detected PIPT I-cache on CPU1
<6>[    0.461368] CPU1: Booted secondary processor [410fd083]
<6>[    0.489348] Detected PIPT I-cache on CPU2
<6>[    0.489365] CPU2: Booted secondary processor [410fd083]
<6>[    0.517382] Detected PIPT I-cache on CPU3
<6>[    0.517398] CPU3: Booted secondary processor [410fd083]
<6>[    0.517437] smp: Brought up 1 node, 4 CPUs
<6>[    0.549371] SMP: Total of 4 processors activated.
<6>[    0.554094] CPU features: detected feature: 32-bit EL0 Support
<6>[    0.560040] CPU: All CPU(s) started at EL2
<6>[    0.564507] devtmpfs: initialized
<6>[    0.568414] clocksource: jiffies: mask: 0xffffffff max_cycles: 0xffffffff, max_idle_ns: 7645041785100000 ns
<6>[    0.578231] futex hash table entries: 1024 (order: 5, 131072 bytes)
<6>[    0.584822] pinctrl core: initialized pinctrl subsystem
<6>[    0.590707] SMBIOS 3.3.0 present.
<6>[    0.594041] DMI: Sony UK Raspberry Pi 4 Model B/Raspberry Pi 4 Model B, BIOS UEFI Firmware v1.9 Apr 21 2020 14:08:23
<6>[    0.604844] NET: Registered protocol family 16
<6>[    0.610148] cpuidle: using governor menu
<6>[    0.614351] vdso: 2 pages (1 code @ ffff000008b56000, 1 data @ ffff000009195000)
<6>[    0.621797] hw-breakpoint: found 6 breakpoint and 4 watchpoint registers.
<6>[    0.629340] DMA: preallocated 256 KiB pool for atomic allocations
<6>[    0.635590] ACPI: bus type PCI registered
<6>[    0.639660] acpiphp: ACPI Hot Plug PCI Controller Driver version: 0.5
<6>[    0.646241] Serial: AMBA PL011 UART driver
<6>[    0.656890] HugeTLB registered 2.00 MiB page size, pre-allocated 0 pages
<6>[    0.664502] ACPI: Added _OSI(Module Device)
<6>[    0.668709] ACPI: Added _OSI(Processor Device)
<6>[    0.673405] ACPI: Added _OSI(3.0 _SCP Extensions)
<6>[    0.678140] ACPI: Added _OSI(Processor Aggregator Device)
<6>[    0.685018] ACPI: Interpreter enabled
<6>[    0.688736] ACPI: Using GIC for interrupt routing
<3>[    0.693496] ACPI: Failed to parse MCFG (-19)
<6>[    0.704695] BCM2837:00: ttyAMA0 at MMIO 0xfe201000 (irq = 19, base_baud = 0) is a SBSA
<6>[    2.337052] console [ttyAMA0] enabled
<6>[    2.345623] vgaarb: loaded
<5>[    2.351167] SCSI subsystem initialized
<7>[    2.358755] libata version 3.00 loaded.
<6>[    2.366554] ACPI: bus type USB registered
<6>[    2.374636] usbcore: registered new interface driver usbfs
<6>[    2.385635] usbcore: registered new interface driver hub
<6>[    2.396303] usbcore: registered new device driver usb
<6>[    2.406633] pps_core: LinuxPPS API ver. 1 registered
<6>[    2.416570] pps_core: Software ver. 5.3.6 - Copyright 2005-2007 Rodolfo Giometti <giometti@linux.it>
<6>[    2.434867] PTP clock support registered
<6>[    2.442762] EDAC MC: Ver: 3.0.0
<6>[    2.449231] Registered efivars operations
<6>[    2.457878] Advanced Linux Sound Architecture Driver Initialized.
<6>[    2.470531] clocksource: Switched to clocksource arch_sys_counter
<5>[    2.505003] VFS: Disk quotas dquot_6.6.0
<6>[    2.512909] VFS: Dquot-cache hash table entries: 512 (order 0, 4096 bytes)
<6>[    2.526816] pnp: PnP ACPI init
<6>[    2.533274] pnp: PnP ACPI: found 0 devices
<6>[    2.544827] NET: Registered protocol family 2
<6>[    2.553876] TCP established hash table entries: 32768 (order: 6, 262144 bytes)
<6>[    2.568533] TCP bind hash table entries: 32768 (order: 7, 524288 bytes)
<6>[    2.582164] TCP: Hash tables configured (established 32768 bind 32768)
<6>[    2.595372] UDP hash table entries: 2048 (order: 4, 65536 bytes)
<6>[    2.607475] UDP-Lite hash table entries: 2048 (order: 4, 65536 bytes)
<6>[    2.620535] NET: Registered protocol family 1
<6>[    2.629463] RPC: Registered named UNIX socket transport module.
<6>[    2.641317] RPC: Registered udp transport module.
<6>[    2.650728] RPC: Registered tcp transport module.
<6>[    2.660138] RPC: Registered tcp NFSv4.1 backchannel transport module.
<7>[    2.673033] PCI: CLS 0 bytes, default 128
<6>[    2.681135] Unpacking initramfs...
<6>[    5.343348] Freeing initrd memory: 88092K
<6>[    5.351755] hw perfevents: enabled with armv8_pmuv3_0 PMU driver, 7 counters available
<6>[    5.367635] kvm [1]: 8-bit VMID
<6>[    5.373913] kvm [1]: IDMAP page: d38000
<6>[    5.381582] kvm [1]: HYP VA range: 800000000000:ffffffffffff
<6>[    5.393506] kvm [1]: vgic-v2@ff844000
<6>[    5.400889] kvm [1]: vgic interrupt IRQ1
<6>[    5.408739] kvm [1]: virtual timer IRQ3
<6>[    5.416468] kvm [1]: Hyp mode initialized successfully
<6>[    5.427741] audit: initializing netlink subsys (disabled)
<5>[    5.438618] audit: type=2000 audit(5.199:1): state=initialized audit_enabled=0 res=1
<6>[    5.438914] workingset: timestamp_bits=44 max_order=20 bucket_order=0
<6>[    5.442228] squashfs: version 4.0 (2009/01/31) Phillip Lougher
<5>[    5.442633] NFS: Registering the id_resolver key type
<5>[    5.442644] Key type id_resolver registered
<5>[    5.442647] Key type id_legacy registered
<6>[    5.442654] nfs4filelayout_init: NFSv4 File Layout Driver Registering...
<6>[    5.442754] 9p: Installing v9fs 9p2000 file system support
<6>[    5.444070] Block layer SCSI generic (bsg) driver version 0.4 loaded (major 246)
<6>[    5.444073] io scheduler noop registered
<6>[    5.444168] io scheduler cfq registered (default)
<6>[    5.444169] io scheduler mq-deadline registered
<6>[    5.444172] io scheduler kyber registered
<4>[    5.456430] EINJ: EINJ table not found.
<6>[    5.456433] ERST DBG: ERST support is disabled.
<6>[    5.459521] Serial: 8250/16550 driver, 4 ports, IRQ sharing enabled
<6>[    5.460442] SuperH (H)SCI(F) driver initialized
<6>[    5.460529] msm_serial: driver initialized
<4>[    5.460743] cacheinfo: Unable to detect cache hierarchy for CPU 0
<6>[    5.464794] loop: module loaded
<6>[    5.466137] libphy: Fixed MDIO Bus: probed
<6>[    5.466497] tun: Universal TUN/TAP device driver, 1.6
<6>[    5.466856] e1000e: Intel(R) PRO/1000 Network Driver - 3.2.6-k
<6>[    5.466857] e1000e: Copyright(c) 1999 - 2015 Intel Corporation.
<6>[    5.466876] igb: Intel(R) Gigabit Ethernet Network Driver - version 5.4.0-k
<6>[    5.466878] igb: Copyright (c) 2007-2014 Intel Corporation.
<6>[    5.466895] igbvf: Intel(R) Gigabit Virtual Function Network Driver - version 2.4.0-k
<6>[    5.466896] igbvf: Copyright (c) 2009 - 2012 Intel Corporation.
<6>[    5.466969] sky2: driver version 1.30
<6>[    5.467304] VFIO - User Level meta-driver version: 0.3
<6>[    5.467770] ehci_hcd: USB 2.0 'Enhanced' Host Controller (EHCI) Driver
<6>[    5.467772] ehci-pci: EHCI PCI platform driver
<6>[    5.467787] ehci-platform: EHCI generic platform driver
<6>[    5.467813] ehci-orion: EHCI orion driver
<6>[    5.467832] ehci-exynos: EHCI EXYNOS driver
<6>[    5.467850] ehci-msm: Qualcomm On-Chip EHCI Host Controller
<6>[    5.467883] ohci_hcd: USB 1.1 'Open' Host Controller (OHCI) Driver
<6>[    5.467895] ohci-pci: OHCI PCI platform driver
<6>[    5.467913] ohci-platform: OHCI generic platform driver
<6>[    5.467933] ohci-exynos: OHCI EXYNOS driver
<6>[    5.468039] xhci-hcd PNP0D10:00: xHCI Host Controller
<6>[    5.468049] xhci-hcd PNP0D10:00: new USB bus registered, assigned bus number 1
<6>[    5.479777] xhci-hcd PNP0D10:00: hcc params 0x002841eb hci version 0x100 quirks 0x00010010
<6>[    5.479807] xhci-hcd PNP0D10:00: irq 5, io mem 0x600000000
<6>[    5.480198] hub 1-0:1.0: USB hub found
<6>[    5.480246] hub 1-0:1.0: 1 port detected
<6>[    5.480433] xhci-hcd PNP0D10:00: xHCI Host Controller
<6>[    5.480439] xhci-hcd PNP0D10:00: new USB bus registered, assigned bus number 2
<6>[    5.480561] usb usb2: We don't know the algorithms for LPM for this host, disabling LPM.
<6>[    5.480816] hub 2-0:1.0: USB hub found
<6>[    5.480867] hub 2-0:1.0: 4 ports detected
<6>[    5.481332] usbcore: registered new interface driver usb-storage
<6>[    5.482393] rtc-efi rtc-efi: rtc core: registered rtc-efi as rtc0
<6>[    5.482740] i2c /dev entries driver
<6>[    5.483420] sdhci: Secure Digital Host Controller Interface driver
<6>[    5.483421] sdhci: Copyright(c) Pierre Ossman
<6>[    5.483481] Synopsys Designware Multimedia Card Interface Driver
<6>[    5.483617] sdhci-pltfm: SDHCI platform and OF driver helper
<6>[    5.489017] ledtrig-cpu: registered to indicate activity on CPUs
<6>[    5.489404] EFI Variables Facility v0.08 2004-May-17
<6>[    5.490691] pstore: using zlib compression
<6>[    5.490699] pstore: Registered efi as persistent store backend
<6>[    5.491178] usbcore: registered new interface driver usbhid
<6>[    5.491179] usbhid: USB HID core driver
<6>[    5.492198] gre: GRE over IPv4 demultiplexor driver
<6>[    5.492207] NET: Registered protocol family 17
<6>[    5.492250] 9pnet: Installing 9P2000 support
<5>[    5.492285] Key type dns_resolver registered
<6>[    5.492688] registered taskstats version 1
<6>[    5.497570] rtc-efi rtc-efi: setting system clock to 2020-04-21 14:06:52 UTC (1587478012)
<6>[    5.500643] ALSA device list:
<6>[    5.500645]   No soundcards found.
<6>[    5.818542] usb 1-1: new high-speed USB device number 2 using xhci-hcd
<6>[    5.969797] hub 1-1:1.0: USB hub found
<6>[    5.970117] hub 1-1:1.0: 4 ports detected
<6>[    6.220322] Freeing unused kernel memory: 1600K
<6>[    6.238800] NET: Registered protocol family 10
<6>[    6.248037] Segment Routing with IPv6
<6>[  119.418730] usb 2-1: new SuperSpeed USB device number 2 using xhci-hcd
<6>[  119.452685] usb-storage 2-1:1.0: USB Mass Storage device detected
<6>[  119.465128] scsi host0: usb-storage 2-1:1.0
<5>[  120.490962] scsi 0:0:0:0: Direct-Access     SanDisk  Extreme          0001 PQ: 0 ANSI: 6
<5>[  120.507814] sd 0:0:0:0: [sda] 31277232 512-byte logical blocks: (16.0 GB/14.9 GiB)
<5>[  120.523599] sd 0:0:0:0: [sda] Write Protect is off
<7>[  120.533195] sd 0:0:0:0: [sda] Mode Sense: 53 00 00 08
<5>[  120.543832] sd 0:0:0:0: [sda] Write cache: enabled, read cache: enabled, doesn't support DPO or FUA
<4>[  120.575190] GPT:Primary header thinks Alt. header is not at the end of the disk.
<4>[  120.590009] GPT:501759 != 31277231
<4>[  120.596815] GPT:Alternate GPT header not at the end of the disk.
<4>[  120.608840] GPT:501759 != 31277231
<4>[  120.615642] GPT: Use GNU Parted to correct GPT errors.
<6>[  120.625936]  sda: sda1 sda2
<5>[  120.633672] sd 0:0:0:0: [sda] Attached SCSI removable disk
<4>[  123.017598] sbsa_acs: loading out-of-tree module taints kernel.
<4>[  123.030157] init SBSA Driver 
