<6>[    0.000000] Booting Linux on physical CPU 0x0000000000 [0x410fd083]
<5>[    0.000000] Linux version 4.18.0-luv (oe-user@oe-host) (gcc version 7.3.0 (GCC)) #1 SMP PREEMPT Thu Mar 26 19:28:00 UTC 2020
<6>[    0.000000] efi: Getting EFI parameters from FDT:
<6>[    0.000000] efi:   System Table: 0x00000000373d0018
<6>[    0.000000] efi:   MemMap Address: 0x000000003370a018
<6>[    0.000000] efi:   MemMap Size: 0x00000c60
<6>[    0.000000] efi:   MemMap Desc. Size: 0x00000030
<6>[    0.000000] efi:   MemMap Desc. Version: 0x00000001
<6>[    0.000000] efi: EFI v2.70 by https://github.com/pftf/RPi4
<6>[    0.000000] efi:  ACPI 2.0=0x33aa0000  SMBIOS=0x37200000  SMBIOS 3.0=0x371e0000  MEMATTR=0x35be8a98  RNG=0x373dce98 
<5>[    0.000000] efi: seeding entropy pool
<6>[    0.000000] efi: Processing EFI memory map:
<6>[    0.000000] efi:   0x000000000000-0x0000001cffff [Reserved           |   |  |  |  |  |  |  |   |WB|WT|WC|  ]
<6>[    0.000000] efi:   0x0000001d0000-0x0000001effff [Runtime Data       |RUN|  |  |  |  |  |  |   |WB|WT|WC|  ]
<6>[    0.000000] efi:   0x0000001f0000-0x0000001fffff [Reserved           |   |  |  |  |  |  |  |   |WB|WT|WC|  ]
<6>[    0.000000] efi:   0x000000200000-0x00000193ffff [Loader Data        |   |  |  |  |  |  |  |   |WB|WT|WC|  ]
<6>[    0.000000] efi:   0x000001940000-0x000030a91fff [Conventional Memory|   |  |  |  |  |  |  |   |WB|WT|WC|  ]
<6>[    0.000000] efi:   0x000030a92000-0x000032151fff [Loader Code        |   |  |  |  |  |  |  |   |WB|WT|WC|  ]
<6>[    0.000000] efi:   0x000032152000-0x0000336a0fff [Conventional Memory|   |  |  |  |  |  |  |   |WB|WT|WC|  ]
<6>[    0.000000] efi:   0x0000336a1000-0x0000336a2fff [Loader Data        |   |  |  |  |  |  |  |   |WB|WT|WC|  ]
<6>[    0.000000] efi:   0x0000336a3000-0x000033709fff [Conventional Memory|   |  |  |  |  |  |  |   |WB|WT|WC|  ]
<6>[    0.000000] efi:   0x00003370a000-0x00003370efff [Loader Data        |   |  |  |  |  |  |  |   |WB|WT|WC|  ]
<6>[    0.000000] efi:   0x00003370f000-0x00003398ffff [Loader Code        |   |  |  |  |  |  |  |   |WB|WT|WC|  ]
<6>[    0.000000] efi:   0x000033990000-0x000033a0ffff [ACPI Reclaim Memory|   |  |  |  |  |  |  |   |WB|WT|WC|  ]
<6>[    0.000000] efi:   0x000033a10000-0x000033a8ffff [Runtime Code       |RUN|  |  |  |  |  |  |   |WB|WT|WC|  ]
<6>[    0.000000] efi:   0x000033a90000-0x000033aaffff [ACPI Reclaim Memory|   |  |  |  |  |  |  |   |WB|WT|WC|  ]
<6>[    0.000000] efi:   0x000033ab0000-0x000033b2ffff [Runtime Code       |RUN|  |  |  |  |  |  |   |WB|WT|WC|  ]
<6>[    0.000000] efi:   0x000033b30000-0x000033ea3fff [Conventional Memory|   |  |  |  |  |  |  |   |WB|WT|WC|  ]
<6>[    0.000000] efi:   0x000033ea4000-0x0000343f4fff [Boot Data          |   |  |  |  |  |  |  |   |WB|WT|WC|  ]
<6>[    0.000000] efi:   0x0000343f5000-0x00003445efff [Conventional Memory|   |  |  |  |  |  |  |   |WB|WT|WC|  ]
<6>[    0.000000] efi:   0x00003445f000-0x000034462fff [Boot Data          |   |  |  |  |  |  |  |   |WB|WT|WC|  ]
<6>[    0.000000] efi:   0x000034463000-0x000034464fff [Conventional Memory|   |  |  |  |  |  |  |   |WB|WT|WC|  ]
<6>[    0.000000] efi:   0x000034465000-0x00003446afff [Boot Data          |   |  |  |  |  |  |  |   |WB|WT|WC|  ]
<6>[    0.000000] efi:   0x00003446b000-0x000034922fff [Conventional Memory|   |  |  |  |  |  |  |   |WB|WT|WC|  ]
<6>[    0.000000] efi:   0x000034923000-0x000034923fff [Boot Data          |   |  |  |  |  |  |  |   |WB|WT|WC|  ]
<6>[    0.000000] efi:   0x000034924000-0x000034924fff [Conventional Memory|   |  |  |  |  |  |  |   |WB|WT|WC|  ]
<6>[    0.000000] efi:   0x000034925000-0x000034925fff [Boot Data          |   |  |  |  |  |  |  |   |WB|WT|WC|  ]
<6>[    0.000000] efi:   0x000034926000-0x00003492afff [Conventional Memory|   |  |  |  |  |  |  |   |WB|WT|WC|  ]
<6>[    0.000000] efi:   0x00003492b000-0x00003492bfff [Boot Data          |   |  |  |  |  |  |  |   |WB|WT|WC|  ]
<6>[    0.000000] efi:   0x00003492c000-0x0000349a3fff [Conventional Memory|   |  |  |  |  |  |  |   |WB|WT|WC|  ]
<6>[    0.000000] efi:   0x0000349a4000-0x0000349a4fff [Boot Data          |   |  |  |  |  |  |  |   |WB|WT|WC|  ]
<6>[    0.000000] efi:   0x0000349a5000-0x0000349bcfff [Conventional Memory|   |  |  |  |  |  |  |   |WB|WT|WC|  ]
<6>[    0.000000] efi:   0x0000349bd000-0x0000349bdfff [Boot Data          |   |  |  |  |  |  |  |   |WB|WT|WC|  ]
<6>[    0.000000] efi:   0x0000349be000-0x0000349ddfff [Conventional Memory|   |  |  |  |  |  |  |   |WB|WT|WC|  ]
<6>[    0.000000] efi:   0x0000349de000-0x0000349e7fff [Boot Data          |   |  |  |  |  |  |  |   |WB|WT|WC|  ]
<6>[    0.000000] efi:   0x0000349e8000-0x0000349ebfff [Conventional Memory|   |  |  |  |  |  |  |   |WB|WT|WC|  ]
<6>[    0.000000] efi:   0x0000349ec000-0x0000349f0fff [Boot Data          |   |  |  |  |  |  |  |   |WB|WT|WC|  ]
<6>[    0.000000] efi:   0x0000349f1000-0x0000349f3fff [Conventional Memory|   |  |  |  |  |  |  |   |WB|WT|WC|  ]
<6>[    0.000000] efi:   0x0000349f4000-0x0000349f8fff [Boot Data          |   |  |  |  |  |  |  |   |WB|WT|WC|  ]
<6>[    0.000000] efi:   0x0000349f9000-0x0000349f9fff [Conventional Memory|   |  |  |  |  |  |  |   |WB|WT|WC|  ]
<6>[    0.000000] efi:   0x0000349fa000-0x0000349fefff [Boot Data          |   |  |  |  |  |  |  |   |WB|WT|WC|  ]
<6>[    0.000000] efi:   0x0000349ff000-0x0000349fffff [Conventional Memory|   |  |  |  |  |  |  |   |WB|WT|WC|  ]
<6>[    0.000000] efi:   0x000034a00000-0x000034a10fff [Boot Data          |   |  |  |  |  |  |  |   |WB|WT|WC|  ]
<6>[    0.000000] efi:   0x000034a11000-0x000034a14fff [Conventional Memory|   |  |  |  |  |  |  |   |WB|WT|WC|  ]
<6>[    0.000000] efi:   0x000034a15000-0x000034a26fff [Boot Data          |   |  |  |  |  |  |  |   |WB|WT|WC|  ]
<6>[    0.000000] efi:   0x000034a27000-0x000034a29fff [Conventional Memory|   |  |  |  |  |  |  |   |WB|WT|WC|  ]
<6>[    0.000000] efi:   0x000034a2a000-0x000034a2bfff [Boot Data          |   |  |  |  |  |  |  |   |WB|WT|WC|  ]
<6>[    0.000000] efi:   0x000034a2c000-0x000034a2dfff [Conventional Memory|   |  |  |  |  |  |  |   |WB|WT|WC|  ]
<6>[    0.000000] efi:   0x000034a2e000-0x000034a2efff [Boot Data          |   |  |  |  |  |  |  |   |WB|WT|WC|  ]
<6>[    0.000000] efi:   0x000034a2f000-0x000034a31fff [Conventional Memory|   |  |  |  |  |  |  |   |WB|WT|WC|  ]
<6>[    0.000000] efi:   0x000034a32000-0x000034a5efff [Boot Data          |   |  |  |  |  |  |  |   |WB|WT|WC|  ]
<6>[    0.000000] efi:   0x000034a5f000-0x000034a61fff [Conventional Memory|   |  |  |  |  |  |  |   |WB|WT|WC|  ]
<6>[    0.000000] efi:   0x000034a62000-0x000036a23fff [Boot Data          |   |  |  |  |  |  |  |   |WB|WT|WC|  ]
<6>[    0.000000] efi:   0x000036a24000-0x000036bd0fff [Conventional Memory|   |  |  |  |  |  |  |   |WB|WT|WC|  ]
<6>[    0.000000] efi:   0x000036bd1000-0x000036ffffff [Boot Code          |   |  |  |  |  |  |  |   |WB|WT|WC|  ]
<6>[    0.000000] efi:   0x000037000000-0x00003718ffff [Runtime Code       |RUN|  |  |  |  |  |  |   |WB|WT|WC|  ]
<6>[    0.000000] efi:   0x000037190000-0x0000373dffff [Runtime Data       |RUN|  |  |  |  |  |  |   |WB|WT|WC|  ]
<6>[    0.000000] efi:   0x0000373e0000-0x0000373fefff [Conventional Memory|   |  |  |  |  |  |  |   |WB|WT|WC|  ]
<6>[    0.000000] efi:   0x0000373ff000-0x0000373fffff [Boot Data          |   |  |  |  |  |  |  |   |WB|WT|WC|  ]
<6>[    0.000000] efi:   0x000037400000-0x00003a4defff [Conventional Memory|   |  |  |  |  |  |  |   |WB|WT|WC|  ]
<6>[    0.000000] efi:   0x00003a4df000-0x00003a516fff [Boot Code          |   |  |  |  |  |  |  |   |WB|WT|WC|  ]
<6>[    0.000000] efi:   0x00003a517000-0x00003b3fffff [Boot Data          |   |  |  |  |  |  |  |   |WB|WT|WC|  ]
<6>[    0.000000] efi:   0x000040000000-0x00008b3fffff [Conventional Memory|   |  |  |  |  |  |  |   |WB|WT|WC|  ]
<6>[    0.000000] efi:   0x00008b400000-0x00008b5fffff [Loader Data        |   |  |  |  |  |  |  |   |WB|WT|WC|  ]
<6>[    0.000000] efi:   0x00008b600000-0x00008b67ffff [Conventional Memory|   |  |  |  |  |  |  |   |WB|WT|WC|  ]
<6>[    0.000000] efi:   0x00008b680000-0x0000922fffff [Loader Data        |   |  |  |  |  |  |  |   |WB|WT|WC|  ]
<6>[    0.000000] efi:   0x000092300000-0x000092303fff [Conventional Memory|   |  |  |  |  |  |  |   |WB|WT|WC|  ]
<6>[    0.000000] efi:   0x000092304000-0x0000bfffffff [Loader Data        |   |  |  |  |  |  |  |   |WB|WT|WC|  ]
<6>[    0.000000] crashkernel reserved: 0x00000000afe00000 - 0x00000000bfe00000 (256 MB)
<6>[    0.000000] cma: Reserved 512 MiB at 0x0000000060000000
<6>[    0.000000] ACPI: Early table checksum verification disabled
<6>[    0.000000] ACPI: RSDP 0x0000000033AA0000 000024 (v02 RPIFDN)
<6>[    0.000000] ACPI: XSDT 0x0000000033A90000 00005C (v01 RPIFDN RPI4     00000200      01000013)
<6>[    0.000000] ACPI: FACP 0x00000000339E0000 000114 (v06 RPIFDN RPI4     00000200 EDK2 00000300)
<6>[    0.000000] ACPI: DSDT 0x0000000033990000 002402 (v05 RPIFDN RPI      00000002 INTL 20180105)
<6>[    0.000000] ACPI: CSRT 0x0000000033A00000 000169 (v00 RPIFDN RPI4     00000200 EDK2 00000300)
<6>[    0.000000] ACPI: DBG2 0x00000000339F0000 00005C (v00 RPIFDN RPI4     00000200 EDK2 00000300)
<6>[    0.000000] ACPI: GTDT 0x00000000339D0000 000068 (v03 RPIFDN RPI4     00000200 EDK2 00000300)
<6>[    0.000000] ACPI: APIC 0x00000000339C0000 000184 (v05 RPIFDN RPI4     00000200 EDK2 00000300)
<6>[    0.000000] ACPI: PPTT 0x00000000339B0000 000184 (v02 RPIFDN RPI4     00000200 EDK2 00000300)
<6>[    0.000000] ACPI: SPCR 0x00000000339A0000 000050 (v02 RPIFDN RPI4     00000200 EDK2 00000300)
<6>[    0.000000] ACPI: SPCR: console: pl011,mmio32,0xfe201000,115200
<6>[    0.000000] earlycon: pl11 at MMIO32 0x00000000fe201000 (options '115200')
<6>[    0.000000] bootconsole [pl11] enabled
<6>[    0.000000] ACPI: NUMA: Failed to initialise from firmware
<6>[    0.000000] NUMA: Faking a node at [mem 0x0000000000000000-0x00000000bfffffff]
<6>[    0.000000] NUMA: NODE_DATA [mem 0xbfffe540-0xbfffffff]
<6>[    0.000000] Zone ranges:
<6>[    0.000000]   DMA32    [mem 0x0000000000000000-0x00000000bfffffff]
<6>[    0.000000]   Normal   empty
<6>[    0.000000] Movable zone start for each node
<6>[    0.000000] Early memory node ranges
<6>[    0.000000]   node   0: [mem 0x0000000000000000-0x00000000001fffff]
<6>[    0.000000]   node   0: [mem 0x0000000000200000-0x0000000033a0ffff]
<6>[    0.000000]   node   0: [mem 0x0000000033a10000-0x0000000033a8ffff]
<6>[    0.000000]   node   0: [mem 0x0000000033a90000-0x0000000033aaffff]
<6>[    0.000000]   node   0: [mem 0x0000000033ab0000-0x0000000033b2ffff]
<6>[    0.000000]   node   0: [mem 0x0000000033b30000-0x0000000036ffffff]
<6>[    0.000000]   node   0: [mem 0x0000000037000000-0x00000000373dffff]
<6>[    0.000000]   node   0: [mem 0x00000000373e0000-0x000000003b3fffff]
<6>[    0.000000]   node   0: [mem 0x0000000040000000-0x00000000bfffffff]
<6>[    0.000000] Initmem setup node 0 [mem 0x0000000000000000-0x00000000bfffffff]
<7>[    0.000000] On node 0 totalpages: 47936
<7>[    0.000000]   DMA32 zone: 48 pages used for memmap
<7>[    0.000000]   DMA32 zone: 0 pages reserved
<7>[    0.000000]   DMA32 zone: 47936 pages, LIFO batch:1
<6>[    0.000000] psci: probing for conduit method from ACPI.
<6>[    0.000000] psci: PSCIv1.1 detected in firmware.
<6>[    0.000000] psci: Using standard PSCI v0.2 function IDs
<6>[    0.000000] psci: MIGRATE_INFO_TYPE not supported.
<6>[    0.000000] psci: SMC Calling Convention v1.0
<5>[    0.000000] random: get_random_bytes called from start_kernel+0xb0/0x498 with crng_init=0
<6>[    0.000000] percpu: Embedded 3 pages/cpu @(____ptrval____) s122392 r8192 d66024 u196608
<7>[    0.000000] pcpu-alloc: s122392 r8192 d66024 u196608 alloc=3*65536
<7>[    0.000000] pcpu-alloc: [0] 0 [0] 1 [0] 2 [0] 3 
<6>[    0.000000] Detected PIPT I-cache on CPU0
<6>[    0.000000] CPU features: enabling workaround for EL2 vector hardening
<6>[    0.000000] CPU features: detected: Kernel page table isolation (KPTI)
<6>[    0.000000] Built 1 zonelists, mobility grouping off.  Total pages: 47888
<6>[    0.000000] Policy zone: DMA32
<5>[    0.000000] Kernel command line: Image initrd=\initrd systemd.log_target=null plymouth.ignore-serial-consoles debug crashkernel=512M,high log_buf_len=1M efi=debug acpi=on crashkernel=256M earlycon uefi_debug  luv_netconsole=none luv_storage=none luv_tests=fwts
<6>[    0.000000] log_buf_len: 1048576 bytes
<6>[    0.000000] early log buf free: 118972(90%)
<6>[    0.000000] Memory: 2131968K/3067904K available (12156K kernel code, 2170K rwdata, 5504K rodata, 1920K init, 996K bss, 411648K reserved, 524288K cma-reserved)
<6>[    0.000000] SLUB: HWalign=64, Order=0-3, MinObjects=0, CPUs=4, Nodes=1
<6>[    0.000000] ftrace: allocating 43979 entries in 11 pages
<6>[    0.000000] Preemptible hierarchical RCU implementation.
<6>[    0.000000] 	RCU restricting CPUs from NR_CPUS=512 to nr_cpu_ids=4.
<6>[    0.000000] 	Tasks RCU enabled.
<6>[    0.000000] RCU: Adjusting geometry for rcu_fanout_leaf=16, nr_cpu_ids=4
<6>[    0.000000] NR_IRQS: 64, nr_irqs: 64, preallocated irqs: 0
<6>[    0.000000] GIC: Using split EOI/Deactivate mode
<6>[    0.000000] arch_timer: cp15 timer(s) running at 54.00MHz (phys).
<6>[    0.000000] clocksource: arch_sys_counter: mask: 0xffffffffffffff max_cycles: 0xc743ce346, max_idle_ns: 440795203123 ns
<6>[    0.000002] sched_clock: 56 bits at 54MHz, resolution 18ns, wraps every 4398046511102ns
<6>[    0.008127] Console: colour dummy device 80x25
<6>[    0.012664] ACPI: Core revision 20180531
<6>[    0.016790] Calibrating delay loop (skipped), value calculated using timer frequency.. 108.00 BogoMIPS (lpj=216000)
<6>[    0.027281] pid_max: default: 32768 minimum: 301
<6>[    0.031948] Security Framework initialized
<6>[    0.037477] Dentry cache hash table entries: 524288 (order: 6, 4194304 bytes)
<6>[    0.045368] Inode-cache hash table entries: 262144 (order: 5, 2097152 bytes)
<6>[    0.052486] Mount-cache hash table entries: 8192 (order: 0, 65536 bytes)
<6>[    0.059239] Mountpoint-cache hash table entries: 8192 (order: 0, 65536 bytes)
<6>[    0.090476] ASID allocator initialised with 32768 entries
<6>[    0.095973] Hierarchical SRCU implementation.
<6>[    0.108465] Remapping and enabling EFI services.
<6>[    0.113179] efi: memattr: Processing EFI Memory Attributes table:
<6>[    0.119305] efi: memattr:  0x0000001d0000-0x0000001effff [Runtime Data       |RUN|  |  |XP|  |  |  |   |  |  |  |  ]
<6>[    0.129881] efi: memattr:  0x000033a10000-0x000033a1ffff [Runtime Code       |RUN|  |  |XP|  |  |  |   |  |  |  |  ]
<6>[    0.140456] efi: memattr:  0x000033a20000-0x000033a2ffff [Runtime Code       |RUN|  |  |  |  |  |RO|   |  |  |  |  ]
<6>[    0.151031] efi: memattr:  0x000033a30000-0x000033a5ffff [Runtime Code       |RUN|  |  |XP|  |  |  |   |  |  |  |  ]
<6>[    0.161605] efi: memattr:  0x000033a60000-0x000033a6ffff [Runtime Code       |RUN|  |  |  |  |  |RO|   |  |  |  |  ]
<6>[    0.172178] efi: memattr:  0x000033a70000-0x000033a8ffff [Runtime Code       |RUN|  |  |XP|  |  |  |   |  |  |  |  ]
<6>[    0.182753] efi: memattr:  0x000033ab0000-0x000033abffff [Runtime Code       |RUN|  |  |XP|  |  |  |   |  |  |  |  ]
<6>[    0.193327] efi: memattr:  0x000033ac0000-0x000033acffff [Runtime Code       |RUN|  |  |  |  |  |RO|   |  |  |  |  ]
<6>[    0.203902] efi: memattr:  0x000033ad0000-0x000033afffff [Runtime Code       |RUN|  |  |XP|  |  |  |   |  |  |  |  ]
<6>[    0.214476] efi: memattr:  0x000033b00000-0x000033b0ffff [Runtime Code       |RUN|  |  |  |  |  |RO|   |  |  |  |  ]
<6>[    0.225050] efi: memattr:  0x000033b10000-0x000033b2ffff [Runtime Code       |RUN|  |  |XP|  |  |  |   |  |  |  |  ]
<6>[    0.235624] efi: memattr:  0x000037000000-0x00003703ffff [Runtime Code       |RUN|  |  |XP|  |  |  |   |  |  |  |  ]
<6>[    0.246198] efi: memattr:  0x000037040000-0x0000370bffff [Runtime Code       |RUN|  |  |  |  |  |RO|   |  |  |  |  ]
<6>[    0.256772] efi: memattr:  0x0000370c0000-0x0000370fffff [Runtime Code       |RUN|  |  |XP|  |  |  |   |  |  |  |  ]
<6>[    0.267347] efi: memattr:  0x000037100000-0x00003710ffff [Runtime Code       |RUN|  |  |  |  |  |RO|   |  |  |  |  ]
<6>[    0.277921] efi: memattr:  0x000037110000-0x00003714ffff [Runtime Code       |RUN|  |  |XP|  |  |  |   |  |  |  |  ]
<6>[    0.288495] efi: memattr:  0x000037150000-0x00003715ffff [Runtime Code       |RUN|  |  |  |  |  |RO|   |  |  |  |  ]
<6>[    0.299069] efi: memattr:  0x000037160000-0x00003718ffff [Runtime Code       |RUN|  |  |XP|  |  |  |   |  |  |  |  ]
<6>[    0.309643] efi: memattr:  0x000037190000-0x0000373dffff [Runtime Data       |RUN|  |  |XP|  |  |  |   |  |  |  |  ]
<6>[    0.336240] smp: Bringing up secondary CPUs ...
<6>[    0.380913] Detected PIPT I-cache on CPU1
<6>[    0.380948] CPU1: Booted secondary processor 0x0000000001 [0x410fd083]
<6>[    0.420937] Detected PIPT I-cache on CPU2
<6>[    0.420956] CPU2: Booted secondary processor 0x0000000002 [0x410fd083]
<6>[    0.460988] Detected PIPT I-cache on CPU3
<6>[    0.461006] CPU3: Booted secondary processor 0x0000000003 [0x410fd083]
<6>[    0.461053] smp: Brought up 1 node, 4 CPUs
<6>[    0.496905] SMP: Total of 4 processors activated.
<6>[    0.501637] CPU features: detected: 32-bit EL0 Support
<6>[    0.522824] CPU: All CPU(s) started at EL2
<6>[    0.526945] alternatives: patching kernel code
<6>[    0.532169] devtmpfs: initialized
<6>[    0.536528] clocksource: jiffies: mask: 0xffffffff max_cycles: 0xffffffff, max_idle_ns: 7645041785100000 ns
<6>[    0.546339] futex hash table entries: 1024 (order: 0, 65536 bytes)
<6>[    0.553189] pinctrl core: initialized pinctrl subsystem
<6>[    0.559326] SMBIOS 3.3.0 present.
<6>[    0.562678] DMI: Sony UK Raspberry Pi 4 Model B/Raspberry Pi 4 Model B, BIOS UEFI Firmware v1.15 Jun 12 2020 16:27:49
<6>[    0.573791] NET: Registered protocol family 16
<6>[    0.578530] audit: initializing netlink subsys (disabled)
<5>[    0.584112] audit: type=2000 audit(0.404:1): state=initialized audit_enabled=0 res=1
<6>[    0.591914] cpuidle: using governor menu
<6>[    0.592318] vdso: 2 pages (1 code @ (____ptrval____), 1 data @ (____ptrval____))
<6>[    0.603375] hw-breakpoint: found 6 breakpoint and 4 watchpoint registers.
<6>[    0.613932] DMA: preallocated 256 KiB pool for atomic allocations
<6>[    0.620296] ACPI: bus type PCI registered
<6>[    0.624333] acpiphp: ACPI Hot Plug PCI Controller Driver version: 0.5
<6>[    0.631119] Serial: AMBA PL011 UART driver
<6>[    0.649968] HugeTLB registered 2.00 MiB page size, pre-allocated 0 pages
<6>[    0.656740] HugeTLB registered 512 MiB page size, pre-allocated 0 pages
<6>[    0.663856] cryptd: max_cpu_qlen set to 1000
<6>[    0.668689] ACPI: Added _OSI(Module Device)
<6>[    0.673049] ACPI: Added _OSI(Processor Device)
<6>[    0.677517] ACPI: Added _OSI(3.0 _SCP Extensions)
<6>[    0.682242] ACPI: Added _OSI(Processor Aggregator Device)
<6>[    0.687666] ACPI: Added _OSI(Linux-Dell-Video)
<6>[    0.693019] ACPI: 1 ACPI AML tables successfully acquired and loaded
<6>[    0.700929] ACPI: Interpreter enabled
<6>[    0.704614] ACPI: Using GIC for interrupt routing
<3>[    0.709383] ACPI: Failed to parse MCFG (-19)
<6>[    0.720862] BCM2837:00: ttyAMA0 at MMIO 0xfe201000 (irq = 19, base_baud = 0) is a SBSA
<6>[    0.728836] console [ttyAMA0] enabled
<6>[    0.736161] bootconsole [pl11] disabled
<6>[    0.745426] vgaarb: loaded
<5>[    0.748461] SCSI subsystem initialized
<7>[    0.752347] libata version 3.00 loaded.
<6>[    0.756371] ACPI: bus type USB registered
<6>[    0.760450] usbcore: registered new interface driver usbfs
<6>[    0.765952] usbcore: registered new interface driver hub
<6>[    0.771304] usbcore: registered new device driver usb
<6>[    0.776602] pps_core: LinuxPPS API ver. 1 registered
<6>[    0.781564] pps_core: Software ver. 5.3.6 - Copyright 2005-2007 Rodolfo Giometti <giometti@linux.it>
<6>[    0.790700] PTP clock support registered
<6>[    0.794673] EDAC MC: Ver: 3.0.0
<6>[    0.798126] Registered efivars operations
<6>[    0.802908] Advanced Linux Sound Architecture Driver Initialized.
<6>[    0.809534] clocksource: Switched to clocksource arch_sys_counter
<5>[    0.841595] VFS: Disk quotas dquot_6.6.0
<6>[    0.845574] VFS: Dquot-cache hash table entries: 8192 (order 0, 65536 bytes)
<6>[    0.852847] pnp: PnP ACPI init
<6>[    0.856365] pnp: PnP ACPI: found 0 devices
<6>[    0.865044] NET: Registered protocol family 2
<6>[    0.869719] tcp_listen_portaddr_hash hash table entries: 4096 (order: 0, 65536 bytes)
<6>[    0.877620] TCP established hash table entries: 32768 (order: 2, 262144 bytes)
<6>[    0.884987] TCP bind hash table entries: 32768 (order: 3, 524288 bytes)
<6>[    0.891939] TCP: Hash tables configured (established 32768 bind 32768)
<6>[    0.898549] UDP hash table entries: 2048 (order: 0, 65536 bytes)
<6>[    0.904611] UDP-Lite hash table entries: 2048 (order: 0, 65536 bytes)
<6>[    0.911178] NET: Registered protocol family 1
<6>[    0.915832] RPC: Registered named UNIX socket transport module.
<6>[    0.921752] RPC: Registered udp transport module.
<6>[    0.926447] RPC: Registered tcp transport module.
<6>[    0.931141] RPC: Registered tcp NFSv4.1 backchannel transport module.
<7>[    0.937576] PCI: CLS 0 bytes, default 64
<6>[    0.941591] Unpacking initramfs...
<6>[    3.942270] Freeing initrd memory: 110976K
<6>[    3.946689] hw perfevents: enabled with armv8_pmuv3_0 PMU driver, 7 counters available
<6>[    3.954611] kvm [1]: 8-bit VMID
<6>[    3.957981] kvm [1]: GICV region size/alignment is unsafe, using trapping (reduced performance)
<6>[    3.966802] kvm [1]: vgic interrupt IRQ1
<6>[    3.970795] kvm [1]: Hyp mode initialized successfully
<5>[    3.977390] Initialise system trusted keyrings
<6>[    3.981931] workingset: timestamp_bits=44 max_order=16 bucket_order=0
<6>[    3.992649] squashfs: version 4.0 (2009/01/31) Phillip Lougher
<5>[    3.998942] NFS: Registering the id_resolver key type
<5>[    4.004004] Key type id_resolver registered
<5>[    4.008182] Key type id_legacy registered
<6>[    4.012189] nfs4filelayout_init: NFSv4 File Layout Driver Registering...
<6>[    4.019007] 9p: Installing v9fs 9p2000 file system support
<6>[    4.024543] pstore: using deflate compression
<5>[    4.030846] Key type asymmetric registered
<5>[    4.034942] Asymmetric key parser 'x509' registered
<6>[    4.039909] Block layer SCSI generic (bsg) driver version 0.4 loaded (major 245)
<6>[    4.047301] io scheduler noop registered
<6>[    4.051219] io scheduler deadline registered
<6>[    4.055573] io scheduler cfq registered (default)
<6>[    4.060273] io scheduler mq-deadline registered
<6>[    4.064795] io scheduler kyber registered
<4>[    4.072964] EINJ: EINJ table not found.
<6>[    4.076806] ERST DBG: ERST support is disabled.
<6>[    4.084927] Serial: 8250/16550 driver, 4 ports, IRQ sharing enabled
<6>[    4.092480] SuperH (H)SCI(F) driver initialized
<6>[    4.097147] msm_serial: driver initialized
<6>[    4.106525] loop: module loaded
<6>[    4.111499] libphy: Fixed MDIO Bus: probed
<6>[    4.116004] tun: Universal TUN/TAP device driver, 1.6
<6>[    4.121505] thunder_xcv, ver 1.0
<6>[    4.124773] thunder_bgx, ver 1.0
<6>[    4.128025] nicpf, ver 1.0
<6>[    4.130914] e1000e: Intel(R) PRO/1000 Network Driver - 3.2.6-k
<6>[    4.136742] e1000e: Copyright(c) 1999 - 2015 Intel Corporation.
<6>[    4.142682] igb: Intel(R) Gigabit Ethernet Network Driver - version 5.4.0-k
<6>[    4.149638] igb: Copyright (c) 2007-2014 Intel Corporation.
<6>[    4.155223] igbvf: Intel(R) Gigabit Virtual Function Network Driver - version 2.4.0-k
<6>[    4.163045] igbvf: Copyright (c) 2009 - 2012 Intel Corporation.
<6>[    4.169086] sky2: driver version 1.30
<6>[    4.173060] VFIO - User Level meta-driver version: 0.3
<6>[    4.178753] ehci_hcd: USB 2.0 'Enhanced' Host Controller (EHCI) Driver
<6>[    4.185288] ehci-pci: EHCI PCI platform driver
<6>[    4.189745] ehci-platform: EHCI generic platform driver
<6>[    4.195008] ehci-orion: EHCI orion driver
<6>[    4.199040] ehci-exynos: EHCI EXYNOS driver
<6>[    4.203245] ohci_hcd: USB 1.1 'Open' Host Controller (OHCI) Driver
<6>[    4.209430] ohci-pci: OHCI PCI platform driver
<6>[    4.213891] ohci-platform: OHCI generic platform driver
<6>[    4.219140] ohci-exynos: OHCI EXYNOS driver
<6>[    4.223477] xhci-hcd PNP0D10:00: xHCI Host Controller
<6>[    4.228533] xhci-hcd PNP0D10:00: new USB bus registered, assigned bus number 1
<6>[    4.236971] xhci-hcd PNP0D10:00: hcc params 0x002841eb hci version 0x100 quirks 0x0000000000010010
<6>[    4.245951] xhci-hcd PNP0D10:00: irq 5, io mem 0x600000000
<6>[    4.251874] hub 1-0:1.0: USB hub found
<6>[    4.255639] hub 1-0:1.0: 1 port detected
<6>[    4.259696] xhci-hcd PNP0D10:00: xHCI Host Controller
<6>[    4.264750] xhci-hcd PNP0D10:00: new USB bus registered, assigned bus number 2
<6>[    4.271968] xhci-hcd PNP0D10:00: Host supports USB 3.0  SuperSpeed
<6>[    4.278178] usb usb2: We don't know the algorithms for LPM for this host, disabling LPM.
<6>[    4.286533] hub 2-0:1.0: USB hub found
<6>[    4.290297] hub 2-0:1.0: 4 ports detected
<6>[    4.294719] usbcore: registered new interface driver usb-storage
<6>[    4.302000] rtc-efi rtc-efi: rtc core: registered rtc-efi as rtc0
<6>[    4.308456] i2c /dev entries driver
<6>[    4.313336] sdhci: Secure Digital Host Controller Interface driver
<6>[    4.319521] sdhci: Copyright(c) Pierre Ossman
<6>[    4.324021] Synopsys Designware Multimedia Card Interface Driver
<6>[    4.330337] sdhci-pltfm: SDHCI platform and OF driver helper
<6>[    4.336493] ledtrig-cpu: registered to indicate activity on CPUs
<6>[    4.342726] EFI Variables Facility v0.08 2004-May-17
<6>[    4.349756] pstore: Registered efi as persistent store backend
<6>[    4.356222] usbcore: registered new interface driver usbhid
<6>[    4.361800] usbhid: USB HID core driver
<6>[    4.367030] gre: GRE over IPv4 demultiplexor driver
<6>[    4.371921] NET: Registered protocol family 17
<6>[    4.376402] 9pnet: Installing 9P2000 support
<5>[    4.380705] Key type dns_resolver registered
<6>[    4.385397] registered taskstats version 1
<5>[    4.389490] Loading compiled-in X.509 certificates
<3>[    4.394380] Unable to create integrity sysfs dir: -19
<6>[    4.399628] rtc-efi rtc-efi: setting system clock to 2020-06-12 16:30:31 UTC (1591979431)
<6>[    4.410504] ALSA device list:
<6>[    4.413463]   No soundcards found.
<6>[    4.421123] Freeing unused kernel memory: 1920K
<6>[    4.445351] NET: Registered protocol family 10
<6>[    4.450269] Segment Routing with IPv6
<5>[    4.477716] random: systemd: uninitialized urandom read (16 bytes read)
<5>[    4.539703] random: systemd: uninitialized urandom read (16 bytes read)
<5>[    4.561600] random: systemd: uninitialized urandom read (16 bytes read)
<6>[    4.593552] usb 1-1: new high-speed USB device number 2 using xhci-hcd
<6>[    4.751585] hub 1-1:1.0: USB hub found
<6>[    4.755633] hub 1-1:1.0: 4 ports detected
<6>[    5.057573] usb 1-1.1: new high-speed USB device number 3 using xhci-hcd
<6>[    5.182500] hub 1-1.1:1.0: USB hub found
<6>[    5.193655] hub 1-1.1:1.0: 4 ports detected
<6>[    5.489605] usb 1-1.1.2: new high-speed USB device number 4 using xhci-hcd
<6>[    5.621721] usb-storage 1-1.1.2:1.0: USB Mass Storage device detected
<6>[    5.641600] scsi host0: usb-storage 1-1.1.2:1.0
<5>[    5.690713] random: fast init done
<6>[    5.725585] usb 1-1.1.3: new full-speed USB device number 5 using xhci-hcd
<6>[    5.815737] Bluetooth: Core ver 2.22
<6>[    5.820349] NET: Registered protocol family 31
<6>[    5.827918] Bluetooth: HCI device and connection manager initialized
<6>[    5.834823] Bluetooth: HCI socket layer initialized
<6>[    5.840378] Bluetooth: L2CAP socket layer initialized
<6>[    5.846633] Bluetooth: SCO socket layer initialized
<6>[    5.857156] Bluetooth: HCI UART driver ver 2.3
<6>[    5.861866] Bluetooth: HCI UART protocol H4 registered
<6>[    5.867108] Bluetooth: HCI UART protocol LL registered
<6>[    5.868376] input: Logitech USB Receiver as /devices/system/container/ACPI0004:00/PNP0D10:00/usb1/1-1/1-1.1/1-1.1.3/1-1.1.3:1.0/0003:046D:C52B.0001/input/input0
<6>[    5.872523] Bluetooth: HCI UART protocol Broadcom registered
<6>[    5.946139] hid-generic 0003:046D:C52B.0001: input: USB HID v1.11 Keyboard [Logitech USB Receiver] on usb-PNP0D10:00-1.1.3/input0
<6>[    5.965627] input: Logitech USB Receiver Mouse as /devices/system/container/ACPI0004:00/PNP0D10:00/usb1/1-1/1-1.1/1-1.1.3/1-1.1.3:1.1/0003:046D:C52B.0002/input/input1
<6>[    5.980660] input: Logitech USB Receiver Consumer Control as /devices/system/container/ACPI0004:00/PNP0D10:00/usb1/1-1/1-1.1/1-1.1.3/1-1.1.3:1.1/0003:046D:C52B.0002/input/input2
<6>[    6.053694] input: Logitech USB Receiver System Control as /devices/system/container/ACPI0004:00/PNP0D10:00/usb1/1-1/1-1.1/1-1.1.3/1-1.1.3:1.1/0003:046D:C52B.0002/input/input3
<6>[    6.069417] hid-generic 0003:046D:C52B.0002: input: USB HID v1.11 Mouse [Logitech USB Receiver] on usb-PNP0D10:00-1.1.3/input1
<3>[    6.087473] hid-generic 0003:046D:C52B.0003: device has no listeners, quitting
<6>[    6.173545] usb 1-1.1.4: new high-speed USB device number 6 using xhci-hcd
<6>[    6.290446] usbcore: registered new interface driver r8152
<6>[    6.304100] usbcore: registered new interface driver cdc_ether
<6>[    6.377875] usb 1-1.1.4: reset high-speed USB device number 6 using xhci-hcd
<6>[    6.518415] r8152 1-1.1.4:1.0 eth0: v1.09.9
<6>[    6.540554] IPv6: ADDRCONF(NETDEV_UP): eth0: link is not ready
<5>[    6.838008] scsi 0:0:0:0: Direct-Access     Lexar    USB Flash Drive  1100 PQ: 0 ANSI: 6
<5>[    6.847410] sd 0:0:0:0: [sda] 62537728 512-byte logical blocks: (32.0 GB/29.8 GiB)
<5>[    6.855678] sd 0:0:0:0: [sda] Write Protect is off
<7>[    6.860478] sd 0:0:0:0: [sda] Mode Sense: 43 00 00 00
<5>[    6.866172] sd 0:0:0:0: [sda] Write cache: enabled, read cache: enabled, doesn't support DPO or FUA
<6>[    6.886918]  sda: sda1 sda2
<5>[    6.892942] sd 0:0:0:0: [sda] Attached SCSI removable disk
<6>[    9.967092] IPv6: ADDRCONF(NETDEV_CHANGE): eth0: link becomes ready
<6>[    9.973934] r8152 1-1.1.4:1.0 eth0: carrier on
<4>[   13.094173] init SBSA Driver 
